
+++++++++++++++++++++++++++++++++++++++++++++++++++++++++++++++++++

1. NOMINAL CORRELATIONS

------------------------ | CVW  x | FIW  x | MIW  x | RIW  x | Stat Sys1 Sys2 Sys3

      X1 172.50 +-  0.89 | -10.42 |   5.64 |  12.86 |   7.19 | 0.43 0.35 0.69 0.00
      X2 172.35 +-  0.23 | 122.47 |  85.67 |  74.51 |  84.50 | 0.16 0.12 0.10 0.04
      X3 172.80 +-  0.43 | -12.06 |  23.70 |   3.57 |   8.32 | 0.19 0.24 0.28 0.12
------------------------ | ------ | ------ | ------ | ------ | ---- ---- ---- ----
BLUE   x 172.28 +-  0.21 | 100.00 | 115.02 |  90.94 | 100.00 | 0.20 0.08 -nan 0.03
BLUE   x (full precision): 172.28012 +- 0.21025
Chi2 / d.o.f = 1.90707 / 2

   CovM        X1        X2        X3
     X1    0.7835    0.1110    0.0840
     X2    0.1110    0.0516    0.0616
     X3    0.0840    0.0616    0.1865

2. MINIMIZE WRT GLOBAL FACTOR

DERIVATIVE ANALYSIS
Vary parameters unless dI/dX@0 == dI/dX@1 == 0
----------------- | ----- | ------------------ |-------------------------------|
  Parameter name  | ParID |   Parameter value  |           1/I*dI/dX           |
                  |       | ScaleFactor X @MIN |   @0    ->    @MIN ->      @1 |
----------------- | ----- | ------------------ |-------------------------------|
 GlobalScaleFact  |    #0 |     ??? +-     ??? | -0.8595 ->     ??? ->  1.0044 | ==> Vary in minimization #0

MINIMIZE USING ROOT Minuit2
WARNING! UpperBound=1 == StartValue=1 : redefine StartValue=0.99
Parameters    (%=FIXED)    #0
START: f= 0.99030355 at 0.990
END:   f= 0.88073701 at 0.674
Minimization completed: minValue=0.8807370, edm=0.0000000, #calls=22       
ROOT minimizer Minuit2 (Migrad) found a minimum

DERIVATIVE ANALYSIS
----------------- | ----- | ------------------ |-------------------------------|
  Parameter name  | ParID |   Parameter value  |           1/I*dI/dX           |
                  |       | ScaleFactor X @MIN |   @0    ->    @MIN ->      @1 |
----------------- | ----- | ------------------ |-------------------------------|
 GlobalScaleFact  |    #0 |  0.6750 +-  0.7928 | -0.8595 ->      ~0 ->  1.0044 | 

------------------------ | CVW  x | FIW  x | MIW  x | RIW  x | Stat Sys1 Sys2 Sys3

      X1 172.50 +-  0.89 |  -3.33 |   6.41 |   1.49 |   3.12 | 0.43 0.35 0.69 0.00
      X2 172.35 +-  0.23 |  97.04 |  97.27 |  69.91 |  90.98 | 0.16 0.12 0.10 0.04
      X3 172.80 +-  0.43 |   6.29 |  26.91 |   1.21 |   5.90 | 0.19 0.24 0.28 0.12
------------------------ | ------ | ------ | ------ | ------ | ---- ---- ---- ----
BLUE   x 172.37 +-  0.22 | 100.00 | 130.59 |  72.61 | 100.00 | 0.16 0.12 0.10 0.04
BLUE   x (full precision): 172.37332 +- 0.22404
Chi2 / d.o.f = 1.35106 / 2

   CovM        X1        X2        X3
     X1    0.7835    0.0749    0.0567
     X2    0.0749    0.0516    0.0416
     X3    0.0567    0.0416    0.1865

3. MINIMIZE WRT ERROR SOURCES

DERIVATIVE ANALYSIS
Vary parameters unless dI/dX@0 == dI/dX@1 == 0
----------------- | ----- | ------------------ |-------------------------------|
  Parameter name  | ParID |   Parameter value  |           1/I*dI/dX           |
                  |       | ScaleFactor X @MIN |   @0    ->    @MIN ->      @1 |
----------------- | ----- | ------------------ |-------------------------------|
 Stat             |  Stat |     ??? +-     ??? |      ~0 ->     ??? ->      ~0 | %FIXED%
 Sys1             |  Sys1 |     ??? +-     ??? | -0.4073 ->     ??? ->  0.3871 | ==> Vary in minimization #0
 Sys2             |  Sys2 |     ??? +-     ??? | -0.4081 ->     ??? ->  0.5853 | ==> Vary in minimization #1
 Sys3             |  Sys3 |     ??? +-     ??? | -0.0441 ->     ??? ->  0.0321 | ==> Vary in minimization #2

MINIMIZE USING ROOT Minuit2
WARNING! UpperBound=1 == StartValue=1 : redefine StartValue=0.99
WARNING! UpperBound=1 == StartValue=1 : redefine StartValue=0.99
WARNING! UpperBound=1 == StartValue=1 : redefine StartValue=0.99
Error sources (%=FIXED) %Stat,  Sys1,  Sys2,  Sys3
START: f= 0.99030355 at 1.000, 0.990, 0.990, 0.990
END:   f= 0.87037295 at 1.000, 1.000, 0.354, 1.000
Minimization completed: minValue=0.8703730, edm=0.0000000, #calls=142      
ROOT minimizer Minuit2 (Migrad) found a minimum

DERIVATIVE ANALYSIS
----------------- | ----- | ------------------ |-------------------------------|
  Parameter name  | ParID |   Parameter value  |           1/I*dI/dX           |
                  |       | ScaleFactor X @MIN |   @0    ->    @MIN ->      @1 |
----------------- | ----- | ------------------ |-------------------------------|
 Stat             |  Stat |  1.0000 +-     N/A |      ~0 ->      ~0 ->      ~0 | %FIXED%
 Sys1             |  Sys1 |  1.0000 +-  0.8859 | -0.4073 -> -0.0185 ->  0.3871 | 
 Sys2             |  Sys2 |  0.3547 +-  0.7867 | -0.4081 ->      ~0 ->  0.5853 | 
 Sys3             |  Sys3 |  1.0000 +-  0.8761 | -0.0441 -> -0.0091 ->  0.0321 | 

------------------------ | CVW  x | FIW  x | MIW  x | RIW  x | Stat Sys1 Sys2 Sys3

      X1 172.50 +-  0.89 |  -2.33 |   6.48 |   0.74 |   2.22 | 0.43 0.35 0.69 0.00
      X2 172.35 +-  0.23 |  96.59 |  98.43 |  70.71 |  92.29 | 0.16 0.12 0.10 0.04
      X3 172.80 +-  0.43 |   5.74 |  27.23 |   0.96 |   5.48 | 0.19 0.24 0.28 0.12
------------------------ | ------ | ------ | ------ | ------ | ---- ---- ---- ----
BLUE   x 172.37 +-  0.23 | 100.00 | 132.15 |  72.41 | 100.00 | 0.16 0.12 0.10 0.05
BLUE   x (full precision): 172.37232 +- 0.22537
Chi2 / d.o.f = 1.34854 / 2

   CovM        X1        X2        X3
     X1    0.7835    0.0665    0.0840
     X2    0.0665    0.0516    0.0435
     X3    0.0840    0.0435    0.1865

4. MINIMIZE WRT OFF DIAGONAL ELEMENTS

DERIVATIVE ANALYSIS
Vary parameters unless dI/dX@0 == dI/dX@1 == 0
----------------- | ----- | ------------------ |-------------------------------|
  Parameter name  | ParID |   Parameter value  |           1/I*dI/dX           |
                  |       | ScaleFactor X @MIN |   @0    ->    @MIN ->      @1 |
----------------- | ----- | ------------------ |-------------------------------|
 X2/X1            |    #0 |     ??? +-     ??? | -0.2427 ->     ??? ->  0.6406 | ==> Vary in minimization #0
 X3/X1            |    #1 |     ??? +-     ??? | -0.0508 ->     ??? -> -0.0477 | ==> Vary in minimization #1
 X3/X2            |    #2 |     ??? +-     ??? | -0.5659 ->     ??? ->  0.4115 | ==> Vary in minimization #2

MINIMIZE USING ROOT Minuit2
Off-Diag Elem (%=FIXED)    #0,    #1,    #2
START: f= 0.92866760 at 0.219, 0.685, 0.422
END:   f= 0.85672641 at 0.464, 0.999, 0.837
Minimization completed: minValue=0.8567264, edm=0.0000000, #calls=57       
ROOT minimizer Minuit2 (Migrad) found a minimum

DERIVATIVE ANALYSIS
----------------- | ----- | ------------------ |-------------------------------|
  Parameter name  | ParID |   Parameter value  |           1/I*dI/dX           |
                  |       | ScaleFactor X @MIN |   @0    ->    @MIN ->      @1 |
----------------- | ----- | ------------------ |-------------------------------|
 X2/X1            |    #0 |  0.4649 +-  0.7236 | -0.2427 ->      ~0 ->  0.6406 | 
 X3/X1            |    #1 |  1.0000 +-  0.8525 | -0.0508 ->      ~0 -> -0.0477 | 
 X3/X2            |    #2 |  0.8377 +-  0.8848 | -0.5659 ->      ~0 ->  0.4115 | 

------------------------ | CVW  x | FIW  x | MIW  x | RIW  x | Stat Sys1 Sys2 Sys3

      X1 172.50 +-  0.89 |  -0.00 |   6.59 |   0.00 |   0.00 | 0.43 0.35 0.69 0.00
      X2 172.35 +-  0.23 | 100.00 | 100.00 |  70.24 | 100.00 | 0.16 0.12 0.10 0.04
      X3 172.80 +-  0.43 |   0.00 |  27.67 |   0.00 |   0.00 | 0.19 0.24 0.28 0.12
------------------------ | ------ | ------ | ------ | ------ | ---- ---- ---- ----
BLUE   x 172.35 +-  0.23 | 100.00 | 134.25 |  70.24 | 100.00 | 0.16 0.12 0.10 0.04
BLUE   x (full precision): 172.35000 +- 0.22716
Chi2 / d.o.f = 1.50353 / 2

   CovM        X1        X2        X3
     X1    0.7835    0.0516    0.0840
     X2    0.0516    0.0516    0.0516
     X3    0.0840    0.0516    0.1865

5. REMOVE MEASUREMENTS WITH NEGATIVE CVW'S

------------------------ | CVW  x | FIW  x | MIW  x | RIW  x | Stat Sys1 Sys2 Sys3

      X2 172.35 +-  0.23 | 100.00 | 100.00 | 100.00 | 100.00 | 0.16 0.12 0.10 0.04
------------------------ | ------ | ------ | ------ | ------ | ---- ---- ---- ----
BLUE   x 172.35 +-  0.23 | 100.00 | 100.00 | 100.00 | 100.00 | 0.16 0.12 0.10 0.04
BLUE   x (full precision): 172.35000 +- 0.22716
Chi2 / d.o.f = 0 / 0

   CovM        X2
     X2    0.0516

7. ONIONIZE

Onionize source #0 (Stat)
 CovOld        X1        X2        X3
     X1    0.1849    0.0000    0.0000
     X2    0.0000    0.0256    0.0000
     X3    0.0000    0.0000    0.0361
 CovNew        X1        X2        X3
     X1    0.1849    0.0000    0.0000
     X2    0.0000    0.0256    0.0000
     X3    0.0000    0.0000    0.0361

Onionize source #1 (Sys1)
 CovOld        X1        X2        X3
     X1    0.1225    0.0420    0.0840
     X2    0.0420    0.0144    0.0288
     X3    0.0840    0.0288    0.0576
 CovNew        X1        X2        X3
     X1    0.1225    0.0144    0.0576
     X2    0.0144    0.0144    0.0144
     X3    0.0576    0.0144    0.0576

Onionize source #2 (Sys2)
 CovOld        X1        X2        X3
     X1    0.4761    0.0690    0.0000
     X2    0.0690    0.0100    0.0280
     X3    0.0000    0.0280    0.0784
 CovNew        X1        X2        X3
     X1    0.4761    0.0100    0.0000
     X2    0.0100    0.0100    0.0100
     X3    0.0000    0.0100    0.0784

Onionize source #3 (Sys3)
 CovOld        X1        X2        X3
     X1    0.0000    0.0000    0.0000
     X2    0.0000    0.0016    0.0048
     X3    0.0000    0.0048    0.0144
 CovNew        X1        X2        X3
     X1    0.0000    0.0000    0.0000
     X2    0.0000    0.0016    0.0016
     X3    0.0000    0.0016    0.0144

------------------------ | CVW  x | FIW  x | MIW  x | RIW  x | Stat Sys1 Sys2 Sys3

      X1 172.50 +-  0.89 |   2.49 |   6.08 |   0.99 |   2.49 | 0.43 0.35 0.69 0.00
      X2 172.35 +-  0.23 |  84.54 |  92.25 |  71.51 |  84.54 | 0.16 0.12 0.10 0.04
      X3 172.80 +-  0.43 |  12.97 |  25.52 |   6.03 |  12.97 | 0.19 0.24 0.28 0.12
------------------------ | ------ | ------ | ------ | ------ | ---- ---- ---- ----
BLUE   x 172.41 +-  0.22 | 100.00 | 123.85 |  78.53 | 100.00 | 0.14 0.12 0.11 0.04
BLUE   x (full precision): 172.41210 +- 0.21818
Chi2 / d.o.f = 1.0882 / 2

   CovM        X1        X2        X3
     X1    0.7835    0.0244    0.0576
     X2    0.0244    0.0516    0.0260
     X3    0.0576    0.0260    0.1865

8. NO CORRELATIONS

------------------------ | CVW  x | FIW  x | MIW  x | RIW  x | Stat Sys1 Sys2 Sys3

      X1 172.50 +-  0.89 |   4.91 |   4.91 |   4.91 |   4.91 | 0.43 0.35 0.69 0.00
      X2 172.35 +-  0.23 |  74.49 |  74.49 |  74.49 |  74.49 | 0.16 0.12 0.10 0.04
      X3 172.80 +-  0.43 |  20.61 |  20.61 |  20.61 |  20.61 | 0.19 0.24 0.28 0.12
------------------------ | ------ | ------ | ------ | ------ | ---- ---- ---- ----
BLUE   x 172.45 +-  0.20 | 100.00 | 100.00 | 100.00 | 100.00 | 0.13 0.10 0.10 0.04
BLUE   x (full precision): 172.45010 +- 0.19605
Chi2 / d.o.f = 0.853825 / 2

   CovM        X1        X2        X3
     X1    0.7835    0.0000    0.0000
     X2    0.0000    0.0516    0.0000
     X3    0.0000    0.0000    0.1865

--------------------------------------------------------------------

Create latex report: /afs/cern.ch/user/a/avalassi/blue2/BLUEFIN/bluefin/examples/dataMIS/misc201806RNflag0_body.tex
