
+++++++++++++++++++++++++++++++++++++++++++++++++++++++++++++++++++

WARNING! Some nominal correlations are negative! Skip several analyses...

0. NOMINAL CORRELATIONS

------------------------ | CVW  x | FIW  x | MIW  x | RIW  x | Stat Sys1 Sys2 Sys3

      X1 172.50 +-  0.89 |   5.28 |   4.71 |   5.54 |   5.28 | 0.43 0.35 0.69 0.00
      X2 172.35 +-  0.23 |  75.70 |  71.47 |  78.73 |  75.70 | 0.16 0.12 0.10 0.04
      X3 172.80 +-  0.43 |  19.02 |  19.77 |  17.41 |  19.02 | 0.19 0.24 0.28 0.12
------------------------ | ------ | ------ | ------ | ------ | ---- ---- ---- ----
BLUE   x 172.44 +-  0.19 | 100.00 |  95.95 | 101.68 | 100.00 | 0.13 0.15 -nan 0.01
BLUE   x (full precision): 172.44351 +- 0.19203
Chi2 / d.o.f = 0.853637 / 2

   CovM        X1        X2        X3
     X1    0.7835   -0.0270    0.0840
     X2   -0.0270    0.0516   -0.0040
     X3    0.0840   -0.0040    0.1865

7. NO CORRELATIONS

------------------------ | CVW  x | FIW  x | MIW  x | RIW  x | Stat Sys1 Sys2 Sys3

      X1 172.50 +-  0.89 |   4.91 |   4.91 |   4.91 |   4.91 | 0.43 0.35 0.69 0.00
      X2 172.35 +-  0.23 |  74.49 |  74.49 |  74.49 |  74.49 | 0.16 0.12 0.10 0.04
      X3 172.80 +-  0.43 |  20.61 |  20.61 |  20.61 |  20.61 | 0.19 0.24 0.28 0.12
------------------------ | ------ | ------ | ------ | ------ | ---- ---- ---- ----
BLUE   x 172.45 +-  0.20 | 100.00 | 100.00 | 100.00 | 100.00 | 0.13 0.10 0.10 0.04
BLUE   x (full precision): 172.45010 +- 0.19605
Chi2 / d.o.f = 0.853825 / 2

   CovM        X1        X2        X3
     X1    0.7835    0.0000    0.0000
     X2    0.0000    0.0516    0.0000
     X3    0.0000    0.0000    0.1865

--------------------------------------------------------------------

Create latex report: /afs/cern.ch/user/a/avalassi/blue2/BLUEFIN/bluefin/examples/dataMIS/misc201806RNflag1_body.tex
