
+++++++++++++++++++++++++++++++++++++++++++++++++++++++++++++++++++

1. NOMINAL CORRELATIONS

------------------------ | CVW mt | FIW mt | MIW mt | RIW mt | Stat iJES aJES bJES cJES dJES rJES Lept   MC  Rad   CR  PDF DTMO   UE BGMC BGDT Meth  MHI

   ALJ10 169.30 +-  6.37 |  -7.14 |   4.97 |   5.92 |   5.51 | 4.00 0.00 0.00 2.50 0.00 2.10 0.00 0.00 1.00 2.50 0.60 0.50 1.20 0.60 1.80 0.60 0.40 0.70
   ALJ11 174.50 +-  2.41 |  30.51 |  34.62 |  12.58 |  23.56 | 0.60 0.40 0.00 1.60 0.00 0.70 0.00 0.00 0.40 1.00 0.60 0.10 0.30 0.60 0.10 0.50 0.10 0.00
   AJT11 174.90 +-  4.46 |  -0.56 |  10.14 |   0.02 |   0.43 | 2.10 0.00 0.00 1.40 0.00 2.10 0.00 0.00 0.50 1.70 0.60 0.60 0.50 0.60 0.00 1.90 1.00 0.00
   CLL10 175.50 +-  6.50 |  -1.79 |   4.77 |   0.55 |   1.38 | 4.60 0.00 0.00 0.90 0.00 2.10 3.30 0.30 0.40 0.90 0.50 0.50 0.60 1.40 0.10 0.00 0.30 1.00
   CLJ10 173.10 +-  3.43 |   0.99 |  17.15 |   0.03 |   0.77 | 2.10 0.00 0.00 0.90 0.00 2.10 0.00 0.00 0.00 1.20 0.50 0.10 0.40 0.20 0.20 0.40 0.10 0.10
   CLL11 173.30 +-  2.99 |  -5.26 |  22.49 |   0.54 |   4.06 | 1.20 0.00 0.00 1.10 0.00 2.00 0.00 0.20 0.10 0.80 0.50 0.40 0.70 0.60 0.00 0.40 0.40 0.20
   CMJ11 172.60 +-  1.55 |  83.25 |  83.60 |  48.05 |  64.29 | 0.40 0.40 0.00 0.70 0.00 0.20 0.00 0.00 0.00 0.80 0.50 0.10 0.30 0.60 0.10 0.00 0.20 0.40
------------------------ | ------ | ------ | ------ | ------ | ---- ---- ---- ---- ---- ---- ---- ---- ---- ---- ---- ---- ---- ---- ---- ---- ---- ----
BLUE  mt 173.32 +-  1.42 | 100.00 | 177.73 |  67.68 | 100.00 | 0.49 0.35 0.00 0.72 0.00 0.07 0.06 0.02 0.04 0.69 0.52 0.05 0.21 0.47 0.01 0.16 0.17 0.26
BLUE  mt (full precision): 173.31869 +- 1.41941
Chi2 / d.o.f = 2.46344 / 6

   CovM     ALJ10     ALJ11     AJT11     CLL10     CLJ10     CLL11     CMJ11
  ALJ10   40.5700    9.6800   14.2800    3.8800    3.4050    3.0650    2.6850
  ALJ11    9.6800    5.8200    6.5400    1.6100    1.6500    1.6400    1.2800
  AJT11   14.2800    6.5400   19.8600    2.0950    2.0100    2.0150    1.5300
  CLL10    3.8800    1.6100    2.0950   42.2500    7.2400    7.9200    3.5000
  CLJ10    3.4050    1.6500    2.0100    7.2400   11.7500    6.8600    2.5700
  CLL11    3.0650    1.6400    2.0150    7.9200    6.8600    8.9600    2.7500
  CMJ11    2.6850    1.2800    1.5300    3.5000    2.5700    2.7500    2.4100

2. MINIMIZE WRT GLOBAL FACTOR

DERIVATIVE ANALYSIS
Vary parameters if 1/I*dI/dX@1 > 0.001 and dI/dX@0 < 0
----------------- | ----- | ------------------ |-------------------------------|
  Parameter name  | ParID |   Parameter value  |           1/I*dI/dX           |
                  |       | ScaleFactor X @MIN |   @0    ->    @MIN ->      @1 |
----------------- | ----- | ------------------ |-------------------------------|
 GlobalScaleFact  |    #0 |     ??? +-     ??? | -2.9074 ->     ??? ->  0.2204 | ==> Vary in minimization #0

MINIMIZE USING ROOT Minuit2
Parameters    (%=FIXED)    #0
START: f= 0.00000000 at 1.000
END:   f= 0.98687620 at 0.874
Minimization completed: minValue=0.9868762, edm=0.0000000, #calls=27       
ROOT minimizer Minuit2 found a minimum

DERIVATIVE ANALYSIS
----------------- | ----- | ------------------ |-------------------------------|
  Parameter name  | ParID |   Parameter value  |           1/I*dI/dX           |
                  |       | ScaleFactor X @MIN |   @0    ->    @MIN ->      @1 |
----------------- | ----- | ------------------ |-------------------------------|
 GlobalScaleFact  |    #0 |  0.8746 +-  0.8162 | -2.9074 ->      ~0 ->  0.2204 | 

------------------------ | CVW mt | FIW mt | MIW mt | RIW mt | Stat iJES aJES bJES cJES dJES rJES Lept   MC  Rad   CR  PDF DTMO   UE BGMC BGDT Meth  MHI

   ALJ10 169.30 +-  6.37 |  -5.32 |   5.03 |   3.71 |   4.59 | 4.00 0.00 0.00 2.50 0.00 2.10 0.00 0.00 1.00 2.50 0.60 0.50 1.20 0.60 1.80 0.60 0.40 0.70
   ALJ11 174.50 +-  2.41 |  27.46 |  35.08 |  12.28 |  23.73 | 0.60 0.40 0.00 1.60 0.00 0.70 0.00 0.00 0.40 1.00 0.60 0.10 0.30 0.60 0.10 0.50 0.10 0.00
   AJT11 174.90 +-  4.46 |   0.53 |  10.28 |   0.02 |   0.46 | 2.10 0.00 0.00 1.40 0.00 2.10 0.00 0.00 0.50 1.70 0.60 0.60 0.50 0.60 0.00 1.90 1.00 0.00
   CLL10 175.50 +-  6.50 |  -1.41 |   4.83 |   0.35 |   1.22 | 4.60 0.00 0.00 0.90 0.00 2.10 3.30 0.30 0.40 0.90 0.50 0.50 0.60 1.40 0.10 0.00 0.30 1.00
   CLJ10 173.10 +-  3.43 |   1.64 |  17.37 |   0.10 |   1.42 | 2.10 0.00 0.00 0.90 0.00 2.10 0.00 0.00 0.00 1.20 0.50 0.10 0.40 0.20 0.20 0.40 0.10 0.10
   CLL11 173.30 +-  2.99 |  -1.14 |  22.78 |   0.03 |   0.98 | 1.20 0.00 0.00 1.10 0.00 2.00 0.00 0.20 0.10 0.80 0.50 0.40 0.70 0.60 0.00 0.40 0.40 0.20
   CMJ11 172.60 +-  1.55 |  78.23 |  84.71 |  47.54 |  67.60 | 0.40 0.40 0.00 0.70 0.00 0.20 0.00 0.00 0.00 0.80 0.50 0.10 0.30 0.60 0.10 0.00 0.20 0.40
------------------------ | ------ | ------ | ------ | ------ | ---- ---- ---- ---- ---- ---- ---- ---- ---- ---- ---- ---- ---- ---- ---- ---- ---- ----
BLUE  mt 173.27 +-  1.43 | 100.00 | 180.09 |  64.03 | 100.00 | 0.42 0.33 0.00 0.74 0.00 0.18 0.05 0.01 0.07 0.71 0.51 0.07 0.23 0.47 0.05 0.14 0.16 0.27
BLUE  mt (full precision): 173.26873 +- 1.42881
Chi2 / d.o.f = 2.09776 / 6

   CovM     ALJ10     ALJ11     AJT11     CLL10     CLJ10     CLL11     CMJ11
  ALJ10   40.5700    8.4658   12.4888    3.3933    2.9779    2.6805    2.3482
  ALJ11    8.4658    5.8200    5.7197    1.4081    1.4430    1.4343    1.1194
  AJT11   12.4888    5.7197   19.8600    1.8322    1.7579    1.7623    1.3381
  CLL10    3.3933    1.4081    1.8322   42.2500    6.3319    6.9266    3.0610
  CLJ10    2.9779    1.4430    1.7579    6.3319   11.7500    5.9995    2.2476
  CLL11    2.6805    1.4343    1.7623    6.9266    5.9995    8.9600    2.4051
  CMJ11    2.3482    1.1194    1.3381    3.0610    2.2476    2.4051    2.4100

3. MINIMIZE WRT ERROR SOURCES

DERIVATIVE ANALYSIS
Vary parameters if 1/I*dI/dX@1 > 0.001 and dI/dX@0 < 0
----------------- | ----- | ------------------ |-------------------------------|
  Parameter name  | ParID |   Parameter value  |           1/I*dI/dX           |
                  |       | ScaleFactor X @MIN |   @0    ->    @MIN ->      @1 |
----------------- | ----- | ------------------ |-------------------------------|
 Stat             |  Stat |     ??? +-     ??? |      ~0 ->     ??? ->      ~0 | %FIXED%
 iJES             |  iJES |     ??? +-     ??? |      ~0 ->     ??? ->      ~0 | %FIXED%
 aJES             |  aJES |     ??? +-     ??? |      ~0 ->     ??? ->      ~0 | %FIXED%
 bJES             |  bJES |     ??? +-     ??? | -0.8963 ->     ??? ->  0.0487 | ==> Vary in minimization #0
 cJES             |  cJES |     ??? +-     ??? |      ~0 ->     ??? ->      ~0 | %FIXED%
 dJES             |  dJES |     ??? +-     ??? | -0.4907 ->     ??? ->  0.0517 | ==> Vary in minimization #1
 rJES             |  rJES |     ??? +-     ??? |      ~0 ->     ??? ->      ~0 | %FIXED%
 Lept             |  Lept |     ??? +-     ??? | -0.0006 ->     ??? -> -0.0001 | %FIXED%
 MC               |    MC |     ??? +-     ??? | -0.0217 ->     ??? ->  0.0090 | ==> Vary in minimization #2
 Rad              |   Rad |     ??? +-     ??? | -0.8110 ->     ??? ->  0.0499 | ==> Vary in minimization #3
 CR               |    CR |     ??? +-     ??? | -0.3164 ->     ??? -> -0.0317 | %FIXED%
 PDF              |   PDF |     ??? +-     ??? | -0.0450 ->     ??? ->  0.0038 | ==> Vary in minimization #4
 DTMO             |  DTMO |     ??? +-     ??? | -0.0949 ->     ??? ->  0.0184 | ==> Vary in minimization #5
 UE               |    UE |     ??? +-     ??? | -0.1538 ->     ??? ->  0.0347 | ==> Vary in minimization #6
 BGMC             |  BGMC |     ??? +-     ??? | -0.0216 ->     ??? ->  0.0120 | ==> Vary in minimization #7
 BGDT             |  BGDT |     ??? +-     ??? |      ~0 ->     ??? ->      ~0 | %FIXED%
 Meth             |  Meth |     ??? +-     ??? |      ~0 ->     ??? ->      ~0 | %FIXED%
 MHI              |   MHI |     ??? +-     ??? | -0.0555 ->     ??? ->  0.0241 | ==> Vary in minimization #8

MINIMIZE USING ROOT Minuit2
Error sources (%=FIXED) %Stat, %iJES, %aJES,  bJES, %cJES,  dJES, %rJES, %Lept,    MC,   Rad,   %CR,   PDF,  DTMO,    UE,  BGMC, %BGDT, %Meth,   MHI
START: f= 0.00000000 at 1.000, 1.000, 1.000, 1.000, 1.000, 1.000, 1.000, 1.000, 1.000, 1.000, 1.000, 1.000, 1.000, 1.000, 1.000, 1.000, 1.000, 1.000
END:   f= 0.94362086 at 1.000, 1.000, 1.000, 1.000, 1.000, 0.000, 1.000, 1.000, 0.000, 1.000, 1.000, 1.000, 1.000, 0.837, 0.000, 1.000, 1.000, 0.000
Minimization completed: minValue=0.9436209, edm=0.0000000, #calls=1039     
ROOT minimizer Minuit2 found a minimum

DERIVATIVE ANALYSIS
----------------- | ----- | ------------------ |-------------------------------|
  Parameter name  | ParID |   Parameter value  |           1/I*dI/dX           |
                  |       | ScaleFactor X @MIN |   @0    ->    @MIN ->      @1 |
----------------- | ----- | ------------------ |-------------------------------|
 Stat             |  Stat |  1.0000 +-     N/A |      ~0 ->      ~0 ->      ~0 | %FIXED%
 iJES             |  iJES |  1.0000 +-     N/A |      ~0 ->      ~0 ->      ~0 | %FIXED%
 aJES             |  aJES |  1.0000 +-     N/A |      ~0 ->      ~0 ->      ~0 | %FIXED%
 bJES             |  bJES |  1.0000 +-  0.8560 | -0.8963 -> -0.0582 ->  0.0487 | 
 cJES             |  cJES |  1.0000 +-     N/A |      ~0 ->      ~0 ->      ~0 | %FIXED%
 dJES             |  dJES |      ~0 +-  0.8671 | -0.4907 ->  0.0017 ->  0.0517 | 
 rJES             |  rJES |  1.0000 +-     N/A |      ~0 ->      ~0 ->      ~0 | %FIXED%
 Lept             |  Lept |  1.0000 +-     N/A | -0.0006 ->      ~0 -> -0.0001 | %FIXED%
 MC               |    MC |      ~0 +-  0.5284 | -0.0217 ->  0.0029 ->  0.0090 | 
 Rad              |   Rad |  1.0000 +-  0.9912 | -0.8110 -> -0.0426 ->  0.0499 | 
 CR               |    CR |  1.0000 +-     N/A | -0.3164 -> -0.0455 -> -0.0317 | %FIXED%
 PDF              |   PDF |  1.0000 +-  0.5026 | -0.0450 -> -0.0006 ->  0.0038 | 
 DTMO             |  DTMO |  1.0000 +-  0.7451 | -0.0949 -> -0.0003 ->  0.0184 | 
 UE               |    UE |  0.8372 +-  0.7873 | -0.1538 ->      ~0 ->  0.0347 | 
 BGMC             |  BGMC |      ~0 +-  0.5126 | -0.0216 ->  0.0041 ->  0.0120 | 
 BGDT             |  BGDT |  1.0000 +-     N/A |      ~0 ->      ~0 ->      ~0 | %FIXED%
 Meth             |  Meth |  1.0000 +-     N/A |      ~0 ->      ~0 ->      ~0 | %FIXED%
 MHI              |   MHI |      ~0 +-  0.6094 | -0.0555 ->  0.0069 ->  0.0241 | 

------------------------ | CVW mt | FIW mt | MIW mt | RIW mt | Stat iJES aJES bJES cJES dJES rJES Lept   MC  Rad   CR  PDF DTMO   UE BGMC BGDT Meth  MHI

   ALJ10 169.30 +-  6.37 |  -3.66 |   5.26 |   1.88 |   3.38 | 4.00 0.00 0.00 2.50 0.00 2.10 0.00 0.00 1.00 2.50 0.60 0.50 1.20 0.60 1.80 0.60 0.40 0.70
   ALJ11 174.50 +-  2.41 |  23.38 |  36.69 |   9.35 |  21.63 | 0.60 0.40 0.00 1.60 0.00 0.70 0.00 0.00 0.40 1.00 0.60 0.10 0.30 0.60 0.10 0.50 0.10 0.00
   AJT11 174.90 +-  4.46 |   0.59 |  10.75 |   0.03 |   0.55 | 2.10 0.00 0.00 1.40 0.00 2.10 0.00 0.00 0.50 1.70 0.60 0.60 0.50 0.60 0.00 1.90 1.00 0.00
   CLL10 175.50 +-  6.50 |  -0.41 |   5.05 |   0.03 |   0.37 | 4.60 0.00 0.00 0.90 0.00 2.10 3.30 0.30 0.40 0.90 0.50 0.50 0.60 1.40 0.10 0.00 0.30 1.00
   CLJ10 173.10 +-  3.43 |   2.03 |  18.17 |   0.19 |   1.88 | 2.10 0.00 0.00 0.90 0.00 2.10 0.00 0.00 0.00 1.20 0.50 0.10 0.40 0.20 0.20 0.40 0.10 0.10
   CLL11 173.30 +-  2.99 |   1.24 |  23.83 |   0.05 |   1.15 | 1.20 0.00 0.00 1.10 0.00 2.00 0.00 0.20 0.10 0.80 0.50 0.40 0.70 0.60 0.00 0.40 0.40 0.20
   CMJ11 172.60 +-  1.55 |  76.81 |  88.59 |  42.26 |  71.04 | 0.40 0.40 0.00 0.70 0.00 0.20 0.00 0.00 0.00 0.80 0.50 0.10 0.30 0.60 0.10 0.00 0.20 0.40
------------------------ | ------ | ------ | ------ | ------ | ---- ---- ---- ---- ---- ---- ---- ---- ---- ---- ---- ---- ---- ---- ---- ---- ---- ----
BLUE  mt 173.19 +-  1.46 | 100.00 | 188.35 |  53.79 | 100.00 | 0.37 0.32 0.00 0.75 0.00 0.24 0.01 0.00 0.10 0.73 0.52 0.09 0.25 0.48 0.10 0.12 0.16 0.31
BLUE  mt (full precision): 173.18584 +- 1.46120
Chi2 / d.o.f = 1.95722 / 6

   CovM     ALJ10     ALJ11     AJT11     CLL10     CLJ10     CLL11     CMJ11
  ALJ10   40.5700    7.5714    9.3114    2.8000    2.9750    2.8750    2.2250
  ALJ11    7.5714    5.8200    4.8114    1.5200    1.6300    1.6200    1.2700
  AJT11    9.3114    4.8114   19.8600    1.9950    2.0100    1.9900    1.5300
  CLL10    2.8000    1.5200    1.9950   42.2500    2.6644    3.3433    2.5333
  CLJ10    2.9750    1.6300    2.0100    2.6644   11.7500    2.6205    2.0705
  CLL11    2.8750    1.6200    1.9900    3.3433    2.6205    8.9600    2.2114
  CMJ11    2.2250    1.2700    1.5300    2.5333    2.0705    2.2114    2.4100

4. MINIMIZE WRT OFF DIAGONAL ELEMENTS

DERIVATIVE ANALYSIS
Vary parameters if 1/I*dI/dX@1 > 0.001 and dI/dX@0 < 0
----------------- | ----- | ------------------ |-------------------------------|
  Parameter name  | ParID |   Parameter value  |           1/I*dI/dX           |
                  |       | ScaleFactor X @MIN |   @0    ->    @MIN ->      @1 |
----------------- | ----- | ------------------ |-------------------------------|
 ALJ11/ALJ10      |    #0 |     ??? +-     ??? | -0.1652 ->     ??? ->  0.2094 | ==> Vary in minimization #0
 AJT11/ALJ10      |    #1 |     ??? +-     ??? | -0.0714 ->     ??? -> -0.0057 | %FIXED%
 AJT11/ALJ11      |    #2 |     ??? +-     ??? | -0.2280 ->     ??? ->  0.0111 | ==> Vary in minimization #1
 CLL10/ALJ10      |    #3 |     ??? +-     ??? | -0.0091 ->     ??? -> -0.0049 | %FIXED%
 CLL10/ALJ11      |    #4 |     ??? +-     ??? | -0.0264 ->     ??? ->  0.0087 | ==> Vary in minimization #2
 CLL10/AJT11      |    #5 |     ??? +-     ??? | -0.0101 ->     ??? -> -0.0002 | %FIXED%
 CLJ10/ALJ10      |    #6 |     ??? +-     ??? | -0.0288 ->     ??? ->  0.0024 | ==> Vary in minimization #3
 CLJ10/ALJ11      |    #7 |     ??? +-     ??? | -0.0972 ->     ??? -> -0.0050 | %FIXED%
 CLJ10/AJT11      |    #8 |     ??? +-     ??? | -0.0347 ->     ??? ->  0.0001 | %FIXED%
 CLJ10/CLL10      |    #9 |     ??? +-     ??? | -0.0588 ->     ??? ->  0.0013 | ==> Vary in minimization #4
 CLL11/ALJ10      |   #10 |     ??? +-     ??? | -0.0340 ->     ??? -> -0.0114 | %FIXED%
 CLL11/ALJ11      |   #11 |     ??? +-     ??? | -0.1267 ->     ??? ->  0.0261 | ==> Vary in minimization #5
 CLL11/AJT11      |   #12 |     ??? +-     ??? | -0.0456 ->     ??? -> -0.0006 | %FIXED%
 CLL11/CLL10      |   #13 |     ??? +-     ??? | -0.0843 ->     ??? -> -0.0074 | %FIXED%
 CLL11/CLJ10      |   #14 |     ??? +-     ??? | -0.2626 ->     ??? ->  0.0035 | ==> Vary in minimization #6
 CMJ11/ALJ10      |   #15 |     ??? +-     ??? | -0.1107 ->     ??? ->  0.1584 | ==> Vary in minimization #7
 CMJ11/ALJ11      |   #16 |     ??? +-     ??? | -0.3677 ->     ??? -> -0.3227 | %FIXED%
 CMJ11/AJT11      |   #17 |     ??? +-     ??? | -0.1288 ->     ??? ->  0.0071 | ==> Vary in minimization #8
 CMJ11/CLL10      |   #18 |     ??? +-     ??? | -0.1385 ->     ??? ->  0.0518 | ==> Vary in minimization #9
 CMJ11/CLJ10      |   #19 |     ??? +-     ??? | -0.3657 ->     ??? -> -0.0211 | %FIXED%
 CMJ11/CLL11      |   #20 |     ??? +-     ??? | -0.5132 ->     ??? ->  0.1194 | ==> Vary in minimization #10

MINIMIZE USING ROOT Minuit2
Off-Diag Elem (%=FIXED)    #0,   %#1,    #2,   %#3,    #4,   %#5,    #6,   %#7,   %#8,    #9,  %#10,   #11,  %#12,  %#13,   #14,   #15,  %#16,   #17,   #18,  %#19,   #20
START: f= 0.00000000 at 1.000, 1.000, 1.000, 1.000, 1.000, 1.000, 1.000, 1.000, 1.000, 1.000, 1.000, 1.000, 1.000, 1.000, 1.000, 1.000, 1.000, 1.000, 1.000, 1.000, 1.000
Info in <Minuit2>: Minuit2Minimizer::Minimize : Covar was made pos def
END:   f= 0.92406482 at 0.533, 1.000, 0.860, 1.000, 0.822, 1.000, 0.035, 1.000, 1.000, 0.082, 1.000, 0.988, 1.000, 1.000, 0.204, 0.520, 1.000, 0.873, 0.670, 1.000, 0.834
Minimization completed: minValue=0.9240648, edm=0.0000000, #calls=393      
ROOT minimizer Minuit2 found a minimum

DERIVATIVE ANALYSIS
----------------- | ----- | ------------------ |-------------------------------|
  Parameter name  | ParID |   Parameter value  |           1/I*dI/dX           |
                  |       | ScaleFactor X @MIN |   @0    ->    @MIN ->      @1 |
----------------- | ----- | ------------------ |-------------------------------|
 ALJ11/ALJ10      |    #0 |  0.5334 +-  0.7602 | -0.1652 ->      ~0 ->  0.2094 | 
 AJT11/ALJ10      |    #1 |  1.0000 +-     N/A | -0.0714 ->      ~0 -> -0.0057 | %FIXED%
 AJT11/ALJ11      |    #2 |  0.8607 +-  0.5640 | -0.2280 ->      ~0 ->  0.0111 | 
 CLL10/ALJ10      |    #3 |  1.0000 +-     N/A | -0.0091 ->      ~0 -> -0.0049 | %FIXED%
 CLL10/ALJ11      |    #4 |  0.8226 +-  0.7332 | -0.0264 ->      ~0 ->  0.0087 | 
 CLL10/AJT11      |    #5 |  1.0000 +-     N/A | -0.0101 ->      ~0 -> -0.0002 | %FIXED%
 CLJ10/ALJ10      |    #6 |  0.0359 +-  0.8975 | -0.0288 ->      ~0 ->  0.0024 | 
 CLJ10/ALJ11      |    #7 |  1.0000 +-     N/A | -0.0972 ->  0.0063 -> -0.0050 | %FIXED%
 CLJ10/AJT11      |    #8 |  1.0000 +-     N/A | -0.0347 ->      ~0 ->  0.0001 | %FIXED%
 CLJ10/CLL10      |    #9 |  0.0823 +-  0.8546 | -0.0588 ->      ~0 ->  0.0013 | 
 CLL11/ALJ10      |   #10 |  1.0000 +-     N/A | -0.0340 ->      ~0 -> -0.0114 | %FIXED%
 CLL11/ALJ11      |   #11 |  0.9880 +-  0.8327 | -0.1267 ->      ~0 ->  0.0261 | 
 CLL11/AJT11      |   #12 |  1.0000 +-     N/A | -0.0456 ->      ~0 -> -0.0006 | %FIXED%
 CLL11/CLL10      |   #13 |  1.0000 +-     N/A | -0.0843 ->      ~0 -> -0.0074 | %FIXED%
 CLL11/CLJ10      |   #14 |  0.2043 +-  0.5783 | -0.2626 ->      ~0 ->  0.0035 | 
 CMJ11/ALJ10      |   #15 |  0.5207 +-  0.5200 | -0.1107 ->      ~0 ->  0.1584 | 
 CMJ11/ALJ11      |   #16 |  1.0000 +-     N/A | -0.3677 -> -0.1785 -> -0.3227 | %FIXED%
 CMJ11/AJT11      |   #17 |  0.8734 +-  0.9055 | -0.1288 ->      ~0 ->  0.0071 | 
 CMJ11/CLL10      |   #18 |  0.6702 +-  0.7850 | -0.1385 ->      ~0 ->  0.0518 | 
 CMJ11/CLJ10      |   #19 |  1.0000 +-     N/A | -0.3657 ->  0.0401 -> -0.0211 | %FIXED%
 CMJ11/CLL11      |   #20 |  0.8347 +-  0.9150 | -0.5132 ->      ~0 ->  0.1194 | 

------------------------ | CVW mt | FIW mt | MIW mt | RIW mt | Stat iJES aJES bJES cJES dJES rJES Lept   MC  Rad   CR  PDF DTMO   UE BGMC BGDT Meth  MHI

   ALJ10 169.30 +-  6.37 |  -0.00 |   5.37 |   0.00 |   0.00 | 4.00 0.00 0.00 2.50 0.00 2.10 0.00 0.00 1.00 2.50 0.60 0.50 1.20 0.60 1.80 0.60 0.40 0.70
   ALJ11 174.50 +-  2.41 |  20.01 |  37.46 |   7.04 |  19.15 | 0.60 0.40 0.00 1.60 0.00 0.70 0.00 0.00 0.40 1.00 0.60 0.10 0.30 0.60 0.10 0.50 0.10 0.00
   AJT11 174.90 +-  4.46 |  -0.00 |  10.98 |   0.00 |   0.00 | 2.10 0.00 0.00 1.40 0.00 2.10 0.00 0.00 0.50 1.70 0.60 0.60 0.50 0.60 0.00 1.90 1.00 0.00
   CLL10 175.50 +-  6.50 |  -0.00 |   5.16 |   0.00 |   0.00 | 4.60 0.00 0.00 0.90 0.00 2.10 3.30 0.30 0.40 0.90 0.50 0.50 0.60 1.40 0.10 0.00 0.30 1.00
   CLJ10 173.10 +-  3.43 |  -2.24 |  18.56 |   0.20 |   2.14 | 2.10 0.00 0.00 0.90 0.00 2.10 0.00 0.00 0.00 1.20 0.50 0.10 0.40 0.20 0.20 0.40 0.10 0.10
   CLL11 173.30 +-  2.99 |  -0.00 |  24.33 |   0.00 |   0.00 | 1.20 0.00 0.00 1.10 0.00 2.00 0.00 0.20 0.10 0.80 0.50 0.40 0.70 0.60 0.00 0.40 0.40 0.20
   CMJ11 172.60 +-  1.55 |  82.23 |  90.47 |  41.07 |  78.70 | 0.40 0.40 0.00 0.70 0.00 0.20 0.00 0.00 0.00 0.80 0.50 0.10 0.30 0.60 0.10 0.00 0.20 0.40
------------------------ | ------ | ------ | ------ | ------ | ---- ---- ---- ---- ---- ---- ---- ---- ---- ---- ---- ---- ---- ---- ---- ---- ---- ----
BLUE  mt 172.97 +-  1.48 | 100.00 | 192.33 |  48.31 | 100.00 | 0.35 0.34 0.00 0.77 0.00 0.18 0.00 0.00 0.08 0.75 0.52 0.10 0.25 0.50 0.10 0.10 0.17 0.33
BLUE  mt (full precision): 172.96903 +- 1.47658
Chi2 / d.o.f = 1.85116 / 6

   CovM     ALJ10     ALJ11     AJT11     CLL10     CLJ10     CLL11     CMJ11
  ALJ10   40.5700    5.1636   14.2800    3.8800    0.1222    3.0650    1.3982
  ALJ11    5.1636    5.8200    5.6293    1.3244    1.6500    1.6204    1.2800
  AJT11   14.2800    5.6293   19.8600    2.0950    2.0100    2.0150    1.3363
  CLL10    3.8800    1.3244    2.0950   42.2500    0.5961    7.9200    2.3456
  CLJ10    0.1222    1.6500    2.0100    0.5961   11.7500    1.4012    2.5700
  CLL11    3.0650    1.6204    2.0150    7.9200    1.4012    8.9600    2.2954
  CMJ11    1.3982    1.2800    1.3363    2.3456    2.5700    2.2954    2.4100

5. REMOVE MEASUREMENTS WITH NEGATIVE CVW'S

------------------------ | CVW mt | FIW mt | MIW mt | RIW mt | Stat iJES aJES bJES cJES dJES rJES Lept   MC  Rad   CR  PDF DTMO   UE BGMC BGDT Meth  MHI

   ALJ11 174.50 +-  2.41 |  19.93 |  37.54 |   9.34 |  19.93 | 0.60 0.40 0.00 1.60 0.00 0.70 0.00 0.00 0.40 1.00 0.60 0.10 0.30 0.60 0.10 0.50 0.10 0.00
   CMJ11 172.60 +-  1.55 |  80.07 |  90.66 |  62.46 |  80.07 | 0.40 0.40 0.00 0.70 0.00 0.20 0.00 0.00 0.00 0.80 0.50 0.10 0.30 0.60 0.10 0.00 0.20 0.40
------------------------ | ------ | ------ | ------ | ------ | ---- ---- ---- ---- ---- ---- ---- ---- ---- ---- ---- ---- ---- ---- ---- ---- ---- ----
BLUE  mt 172.98 +-  1.48 | 100.00 | 128.19 |  71.81 | 100.00 | 0.34 0.33 0.00 0.77 0.00 0.21 0.00 0.00 0.08 0.76 0.52 0.10 0.25 0.50 0.10 0.10 0.16 0.32
BLUE  mt (full precision): 172.97866 +- 1.47811
Chi2 / d.o.f = 0.636684 / 1

   CovM     ALJ11     CMJ11
  ALJ11    5.8200    1.2800
  CMJ11    1.2800    2.4100

6. ONIONIZE

Onionize source #0 (Stat)
 CovOld     ALJ10     ALJ11     AJT11     CLL10     CLJ10     CLL11     CMJ11
  ALJ10   16.0000    0.0000    0.0000    0.0000    0.0000    0.0000    0.0000
  ALJ11    0.0000    0.3600    0.0000    0.0000    0.0000    0.0000    0.0000
  AJT11    0.0000    0.0000    4.4100    0.0000    0.0000    0.0000    0.0000
  CLL10    0.0000    0.0000    0.0000   21.1600    0.0000    0.0000    0.0000
  CLJ10    0.0000    0.0000    0.0000    0.0000    4.4100    0.0000    0.0000
  CLL11    0.0000    0.0000    0.0000    0.0000    0.0000    1.4400    0.0000
  CMJ11    0.0000    0.0000    0.0000    0.0000    0.0000    0.0000    0.1600
 CovNew     ALJ10     ALJ11     AJT11     CLL10     CLJ10     CLL11     CMJ11
  ALJ10   16.0000    0.0000    0.0000    0.0000    0.0000    0.0000    0.0000
  ALJ11    0.0000    0.3600    0.0000    0.0000    0.0000    0.0000    0.0000
  AJT11    0.0000    0.0000    4.4100    0.0000    0.0000    0.0000    0.0000
  CLL10    0.0000    0.0000    0.0000   21.1600    0.0000    0.0000    0.0000
  CLJ10    0.0000    0.0000    0.0000    0.0000    4.4100    0.0000    0.0000
  CLL11    0.0000    0.0000    0.0000    0.0000    0.0000    1.4400    0.0000
  CMJ11    0.0000    0.0000    0.0000    0.0000    0.0000    0.0000    0.1600

Onionize source #1 (iJES)
 CovOld     ALJ10     ALJ11     AJT11     CLL10     CLJ10     CLL11     CMJ11
  ALJ10    0.0000    0.0000    0.0000    0.0000    0.0000    0.0000    0.0000
  ALJ11    0.0000    0.1600    0.0000    0.0000    0.0000    0.0000    0.0000
  AJT11    0.0000    0.0000    0.0000    0.0000    0.0000    0.0000    0.0000
  CLL10    0.0000    0.0000    0.0000    0.0000    0.0000    0.0000    0.0000
  CLJ10    0.0000    0.0000    0.0000    0.0000    0.0000    0.0000    0.0000
  CLL11    0.0000    0.0000    0.0000    0.0000    0.0000    0.0000    0.0000
  CMJ11    0.0000    0.0000    0.0000    0.0000    0.0000    0.0000    0.1600
 CovNew     ALJ10     ALJ11     AJT11     CLL10     CLJ10     CLL11     CMJ11
  ALJ10    0.0000    0.0000    0.0000    0.0000    0.0000    0.0000    0.0000
  ALJ11    0.0000    0.1600    0.0000    0.0000    0.0000    0.0000    0.0000
  AJT11    0.0000    0.0000    0.0000    0.0000    0.0000    0.0000    0.0000
  CLL10    0.0000    0.0000    0.0000    0.0000    0.0000    0.0000    0.0000
  CLJ10    0.0000    0.0000    0.0000    0.0000    0.0000    0.0000    0.0000
  CLL11    0.0000    0.0000    0.0000    0.0000    0.0000    0.0000    0.0000
  CMJ11    0.0000    0.0000    0.0000    0.0000    0.0000    0.0000    0.1600

Onionize source #2 (aJES)
 CovOld     ALJ10     ALJ11     AJT11     CLL10     CLJ10     CLL11     CMJ11
  ALJ10    0.0000    0.0000    0.0000    0.0000    0.0000    0.0000    0.0000
  ALJ11    0.0000    0.0000    0.0000    0.0000    0.0000    0.0000    0.0000
  AJT11    0.0000    0.0000    0.0000    0.0000    0.0000    0.0000    0.0000
  CLL10    0.0000    0.0000    0.0000    0.0000    0.0000    0.0000    0.0000
  CLJ10    0.0000    0.0000    0.0000    0.0000    0.0000    0.0000    0.0000
  CLL11    0.0000    0.0000    0.0000    0.0000    0.0000    0.0000    0.0000
  CMJ11    0.0000    0.0000    0.0000    0.0000    0.0000    0.0000    0.0000
 CovNew     ALJ10     ALJ11     AJT11     CLL10     CLJ10     CLL11     CMJ11
  ALJ10    0.0000    0.0000    0.0000    0.0000    0.0000    0.0000    0.0000
  ALJ11    0.0000    0.0000    0.0000    0.0000    0.0000    0.0000    0.0000
  AJT11    0.0000    0.0000    0.0000    0.0000    0.0000    0.0000    0.0000
  CLL10    0.0000    0.0000    0.0000    0.0000    0.0000    0.0000    0.0000
  CLJ10    0.0000    0.0000    0.0000    0.0000    0.0000    0.0000    0.0000
  CLL11    0.0000    0.0000    0.0000    0.0000    0.0000    0.0000    0.0000
  CMJ11    0.0000    0.0000    0.0000    0.0000    0.0000    0.0000    0.0000

Onionize source #3 (bJES)
 CovOld     ALJ10     ALJ11     AJT11     CLL10     CLJ10     CLL11     CMJ11
  ALJ10    6.2500    4.0000    3.5000    1.1250    1.1250    1.3750    0.8750
  ALJ11    4.0000    2.5600    2.2400    0.7200    0.7200    0.8800    0.5600
  AJT11    3.5000    2.2400    1.9600    0.6300    0.6300    0.7700    0.4900
  CLL10    1.1250    0.7200    0.6300    0.8100    0.8100    0.9900    0.6300
  CLJ10    1.1250    0.7200    0.6300    0.8100    0.8100    0.9900    0.6300
  CLL11    1.3750    0.8800    0.7700    0.9900    0.9900    1.2100    0.7700
  CMJ11    0.8750    0.5600    0.4900    0.6300    0.6300    0.7700    0.4900
 CovNew     ALJ10     ALJ11     AJT11     CLL10     CLJ10     CLL11     CMJ11
  ALJ10    6.2500    2.5600    1.9600    0.8100    0.8100    1.2100    0.4900
  ALJ11    2.5600    2.5600    1.9600    0.7200    0.7200    0.8800    0.4900
  AJT11    1.9600    1.9600    1.9600    0.6300    0.6300    0.7700    0.4900
  CLL10    0.8100    0.7200    0.6300    0.8100    0.8100    0.8100    0.4900
  CLJ10    0.8100    0.7200    0.6300    0.8100    0.8100    0.8100    0.4900
  CLL11    1.2100    0.8800    0.7700    0.8100    0.8100    1.2100    0.4900
  CMJ11    0.4900    0.4900    0.4900    0.4900    0.4900    0.4900    0.4900

Onionize source #4 (cJES)
 CovOld     ALJ10     ALJ11     AJT11     CLL10     CLJ10     CLL11     CMJ11
  ALJ10    0.0000    0.0000    0.0000    0.0000    0.0000    0.0000    0.0000
  ALJ11    0.0000    0.0000    0.0000    0.0000    0.0000    0.0000    0.0000
  AJT11    0.0000    0.0000    0.0000    0.0000    0.0000    0.0000    0.0000
  CLL10    0.0000    0.0000    0.0000    0.0000    0.0000    0.0000    0.0000
  CLJ10    0.0000    0.0000    0.0000    0.0000    0.0000    0.0000    0.0000
  CLL11    0.0000    0.0000    0.0000    0.0000    0.0000    0.0000    0.0000
  CMJ11    0.0000    0.0000    0.0000    0.0000    0.0000    0.0000    0.0000
 CovNew     ALJ10     ALJ11     AJT11     CLL10     CLJ10     CLL11     CMJ11
  ALJ10    0.0000    0.0000    0.0000    0.0000    0.0000    0.0000    0.0000
  ALJ11    0.0000    0.0000    0.0000    0.0000    0.0000    0.0000    0.0000
  AJT11    0.0000    0.0000    0.0000    0.0000    0.0000    0.0000    0.0000
  CLL10    0.0000    0.0000    0.0000    0.0000    0.0000    0.0000    0.0000
  CLJ10    0.0000    0.0000    0.0000    0.0000    0.0000    0.0000    0.0000
  CLL11    0.0000    0.0000    0.0000    0.0000    0.0000    0.0000    0.0000
  CMJ11    0.0000    0.0000    0.0000    0.0000    0.0000    0.0000    0.0000

Onionize source #5 (dJES)
 CovOld     ALJ10     ALJ11     AJT11     CLL10     CLJ10     CLL11     CMJ11
  ALJ10    4.4100    1.4700    4.4100    0.0000    0.0000    0.0000    0.0000
  ALJ11    1.4700    0.4900    1.4700    0.0000    0.0000    0.0000    0.0000
  AJT11    4.4100    1.4700    4.4100    0.0000    0.0000    0.0000    0.0000
  CLL10    0.0000    0.0000    0.0000    4.4100    4.4100    4.2000    0.4200
  CLJ10    0.0000    0.0000    0.0000    4.4100    4.4100    4.2000    0.4200
  CLL11    0.0000    0.0000    0.0000    4.2000    4.2000    4.0000    0.4000
  CMJ11    0.0000    0.0000    0.0000    0.4200    0.4200    0.4000    0.0400
 CovNew     ALJ10     ALJ11     AJT11     CLL10     CLJ10     CLL11     CMJ11
  ALJ10    4.4100    0.4900    4.4100    0.0000    0.0000    0.0000    0.0000
  ALJ11    0.4900    0.4900    0.4900    0.0000    0.0000    0.0000    0.0000
  AJT11    4.4100    0.4900    4.4100    0.0000    0.0000    0.0000    0.0000
  CLL10    0.0000    0.0000    0.0000    4.4100    4.4100    4.0000    0.0400
  CLJ10    0.0000    0.0000    0.0000    4.4100    4.4100    4.0000    0.0400
  CLL11    0.0000    0.0000    0.0000    4.0000    4.0000    4.0000    0.0400
  CMJ11    0.0000    0.0000    0.0000    0.0400    0.0400    0.0400    0.0400

Onionize source #6 (rJES)
 CovOld     ALJ10     ALJ11     AJT11     CLL10     CLJ10     CLL11     CMJ11
  ALJ10    0.0000    0.0000    0.0000    0.0000    0.0000    0.0000    0.0000
  ALJ11    0.0000    0.0000    0.0000    0.0000    0.0000    0.0000    0.0000
  AJT11    0.0000    0.0000    0.0000    0.0000    0.0000    0.0000    0.0000
  CLL10    0.0000    0.0000    0.0000   10.8900    0.0000    0.0000    0.0000
  CLJ10    0.0000    0.0000    0.0000    0.0000    0.0000    0.0000    0.0000
  CLL11    0.0000    0.0000    0.0000    0.0000    0.0000    0.0000    0.0000
  CMJ11    0.0000    0.0000    0.0000    0.0000    0.0000    0.0000    0.0000
 CovNew     ALJ10     ALJ11     AJT11     CLL10     CLJ10     CLL11     CMJ11
  ALJ10    0.0000    0.0000    0.0000    0.0000    0.0000    0.0000    0.0000
  ALJ11    0.0000    0.0000    0.0000    0.0000    0.0000    0.0000    0.0000
  AJT11    0.0000    0.0000    0.0000    0.0000    0.0000    0.0000    0.0000
  CLL10    0.0000    0.0000    0.0000   10.8900    0.0000    0.0000    0.0000
  CLJ10    0.0000    0.0000    0.0000    0.0000    0.0000    0.0000    0.0000
  CLL11    0.0000    0.0000    0.0000    0.0000    0.0000    0.0000    0.0000
  CMJ11    0.0000    0.0000    0.0000    0.0000    0.0000    0.0000    0.0000

Onionize source #7 (Lept)
 CovOld     ALJ10     ALJ11     AJT11     CLL10     CLJ10     CLL11     CMJ11
  ALJ10    0.0000    0.0000    0.0000    0.0000    0.0000    0.0000    0.0000
  ALJ11    0.0000    0.0000    0.0000    0.0000    0.0000    0.0000    0.0000
  AJT11    0.0000    0.0000    0.0000    0.0000    0.0000    0.0000    0.0000
  CLL10    0.0000    0.0000    0.0000    0.0900    0.0000    0.0600    0.0000
  CLJ10    0.0000    0.0000    0.0000    0.0000    0.0000    0.0000    0.0000
  CLL11    0.0000    0.0000    0.0000    0.0600    0.0000    0.0400    0.0000
  CMJ11    0.0000    0.0000    0.0000    0.0000    0.0000    0.0000    0.0000
 CovNew     ALJ10     ALJ11     AJT11     CLL10     CLJ10     CLL11     CMJ11
  ALJ10    0.0000    0.0000    0.0000    0.0000    0.0000    0.0000    0.0000
  ALJ11    0.0000    0.0000    0.0000    0.0000    0.0000    0.0000    0.0000
  AJT11    0.0000    0.0000    0.0000    0.0000    0.0000    0.0000    0.0000
  CLL10    0.0000    0.0000    0.0000    0.0900    0.0000    0.0400    0.0000
  CLJ10    0.0000    0.0000    0.0000    0.0000    0.0000    0.0000    0.0000
  CLL11    0.0000    0.0000    0.0000    0.0400    0.0000    0.0400    0.0000
  CMJ11    0.0000    0.0000    0.0000    0.0000    0.0000    0.0000    0.0000

Onionize source #8 (MC)
 CovOld     ALJ10     ALJ11     AJT11     CLL10     CLJ10     CLL11     CMJ11
  ALJ10    1.0000    0.4000    0.5000    0.2000    0.0000    0.0500    0.0000
  ALJ11    0.4000    0.1600    0.2000    0.0800    0.0000    0.0200    0.0000
  AJT11    0.5000    0.2000    0.2500    0.1000    0.0000    0.0250    0.0000
  CLL10    0.2000    0.0800    0.1000    0.1600    0.0000    0.0400    0.0000
  CLJ10    0.0000    0.0000    0.0000    0.0000    0.0000    0.0000    0.0000
  CLL11    0.0500    0.0200    0.0250    0.0400    0.0000    0.0100    0.0000
  CMJ11    0.0000    0.0000    0.0000    0.0000    0.0000    0.0000    0.0000
 CovNew     ALJ10     ALJ11     AJT11     CLL10     CLJ10     CLL11     CMJ11
  ALJ10    1.0000    0.1600    0.2500    0.1600    0.0000    0.0100    0.0000
  ALJ11    0.1600    0.1600    0.1600    0.0800    0.0000    0.0100    0.0000
  AJT11    0.2500    0.1600    0.2500    0.1000    0.0000    0.0100    0.0000
  CLL10    0.1600    0.0800    0.1000    0.1600    0.0000    0.0100    0.0000
  CLJ10    0.0000    0.0000    0.0000    0.0000    0.0000    0.0000    0.0000
  CLL11    0.0100    0.0100    0.0100    0.0100    0.0000    0.0100    0.0000
  CMJ11    0.0000    0.0000    0.0000    0.0000    0.0000    0.0000    0.0000

Onionize source #9 (Rad)
 CovOld     ALJ10     ALJ11     AJT11     CLL10     CLJ10     CLL11     CMJ11
  ALJ10    6.2500    2.5000    4.2500    1.1250    1.5000    1.0000    1.0000
  ALJ11    2.5000    1.0000    1.7000    0.4500    0.6000    0.4000    0.4000
  AJT11    4.2500    1.7000    2.8900    0.7650    1.0200    0.6800    0.6800
  CLL10    1.1250    0.4500    0.7650    0.8100    1.0800    0.7200    0.7200
  CLJ10    1.5000    0.6000    1.0200    1.0800    1.4400    0.9600    0.9600
  CLL11    1.0000    0.4000    0.6800    0.7200    0.9600    0.6400    0.6400
  CMJ11    1.0000    0.4000    0.6800    0.7200    0.9600    0.6400    0.6400
 CovNew     ALJ10     ALJ11     AJT11     CLL10     CLJ10     CLL11     CMJ11
  ALJ10    6.2500    1.0000    2.8900    0.8100    1.4400    0.6400    0.6400
  ALJ11    1.0000    1.0000    1.0000    0.4500    0.6000    0.4000    0.4000
  AJT11    2.8900    1.0000    2.8900    0.7650    1.0200    0.6400    0.6400
  CLL10    0.8100    0.4500    0.7650    0.8100    0.8100    0.6400    0.6400
  CLJ10    1.4400    0.6000    1.0200    0.8100    1.4400    0.6400    0.6400
  CLL11    0.6400    0.4000    0.6400    0.6400    0.6400    0.6400    0.6400
  CMJ11    0.6400    0.4000    0.6400    0.6400    0.6400    0.6400    0.6400

Onionize source #10 (CR)
 CovOld     ALJ10     ALJ11     AJT11     CLL10     CLJ10     CLL11     CMJ11
  ALJ10    0.3600    0.3600    0.3600    0.3000    0.3000    0.3000    0.3000
  ALJ11    0.3600    0.3600    0.3600    0.3000    0.3000    0.3000    0.3000
  AJT11    0.3600    0.3600    0.3600    0.3000    0.3000    0.3000    0.3000
  CLL10    0.3000    0.3000    0.3000    0.2500    0.2500    0.2500    0.2500
  CLJ10    0.3000    0.3000    0.3000    0.2500    0.2500    0.2500    0.2500
  CLL11    0.3000    0.3000    0.3000    0.2500    0.2500    0.2500    0.2500
  CMJ11    0.3000    0.3000    0.3000    0.2500    0.2500    0.2500    0.2500
 CovNew     ALJ10     ALJ11     AJT11     CLL10     CLJ10     CLL11     CMJ11
  ALJ10    0.3600    0.3600    0.3600    0.2500    0.2500    0.2500    0.2500
  ALJ11    0.3600    0.3600    0.3600    0.2500    0.2500    0.2500    0.2500
  AJT11    0.3600    0.3600    0.3600    0.2500    0.2500    0.2500    0.2500
  CLL10    0.2500    0.2500    0.2500    0.2500    0.2500    0.2500    0.2500
  CLJ10    0.2500    0.2500    0.2500    0.2500    0.2500    0.2500    0.2500
  CLL11    0.2500    0.2500    0.2500    0.2500    0.2500    0.2500    0.2500
  CMJ11    0.2500    0.2500    0.2500    0.2500    0.2500    0.2500    0.2500

Onionize source #11 (PDF)
 CovOld     ALJ10     ALJ11     AJT11     CLL10     CLJ10     CLL11     CMJ11
  ALJ10    0.2500    0.0500    0.3000    0.2500    0.0500    0.2000    0.0500
  ALJ11    0.0500    0.0100    0.0600    0.0500    0.0100    0.0400    0.0100
  AJT11    0.3000    0.0600    0.3600    0.3000    0.0600    0.2400    0.0600
  CLL10    0.2500    0.0500    0.3000    0.2500    0.0500    0.2000    0.0500
  CLJ10    0.0500    0.0100    0.0600    0.0500    0.0100    0.0400    0.0100
  CLL11    0.2000    0.0400    0.2400    0.2000    0.0400    0.1600    0.0400
  CMJ11    0.0500    0.0100    0.0600    0.0500    0.0100    0.0400    0.0100
 CovNew     ALJ10     ALJ11     AJT11     CLL10     CLJ10     CLL11     CMJ11
  ALJ10    0.2500    0.0100    0.2500    0.2500    0.0100    0.1600    0.0100
  ALJ11    0.0100    0.0100    0.0100    0.0100    0.0100    0.0100    0.0100
  AJT11    0.2500    0.0100    0.3600    0.2500    0.0100    0.1600    0.0100
  CLL10    0.2500    0.0100    0.2500    0.2500    0.0100    0.1600    0.0100
  CLJ10    0.0100    0.0100    0.0100    0.0100    0.0100    0.0100    0.0100
  CLL11    0.1600    0.0100    0.1600    0.1600    0.0100    0.1600    0.0100
  CMJ11    0.0100    0.0100    0.0100    0.0100    0.0100    0.0100    0.0100

Onionize source #12 (DTMO)
 CovOld     ALJ10     ALJ11     AJT11     CLL10     CLJ10     CLL11     CMJ11
  ALJ10    1.4400    0.3600    0.6000    0.0000    0.0000    0.0000    0.0000
  ALJ11    0.3600    0.0900    0.1500    0.0000    0.0000    0.0000    0.0000
  AJT11    0.6000    0.1500    0.2500    0.0000    0.0000    0.0000    0.0000
  CLL10    0.0000    0.0000    0.0000    0.3600    0.2400    0.4200    0.1800
  CLJ10    0.0000    0.0000    0.0000    0.2400    0.1600    0.2800    0.1200
  CLL11    0.0000    0.0000    0.0000    0.4200    0.2800    0.4900    0.2100
  CMJ11    0.0000    0.0000    0.0000    0.1800    0.1200    0.2100    0.0900
 CovNew     ALJ10     ALJ11     AJT11     CLL10     CLJ10     CLL11     CMJ11
  ALJ10    1.4400    0.0900    0.2500    0.0000    0.0000    0.0000    0.0000
  ALJ11    0.0900    0.0900    0.0900    0.0000    0.0000    0.0000    0.0000
  AJT11    0.2500    0.0900    0.2500    0.0000    0.0000    0.0000    0.0000
  CLL10    0.0000    0.0000    0.0000    0.3600    0.1600    0.3600    0.0900
  CLJ10    0.0000    0.0000    0.0000    0.1600    0.1600    0.1600    0.0900
  CLL11    0.0000    0.0000    0.0000    0.3600    0.1600    0.4900    0.0900
  CMJ11    0.0000    0.0000    0.0000    0.0900    0.0900    0.0900    0.0900

Onionize source #13 (UE)
 CovOld     ALJ10     ALJ11     AJT11     CLL10     CLJ10     CLL11     CMJ11
  ALJ10    0.3600    0.3600    0.3600    0.0000    0.0000    0.0000    0.0000
  ALJ11    0.3600    0.3600    0.3600    0.0000    0.0000    0.0000    0.0000
  AJT11    0.3600    0.3600    0.3600    0.0000    0.0000    0.0000    0.0000
  CLL10    0.0000    0.0000    0.0000    1.9600    0.2800    0.8400    0.8400
  CLJ10    0.0000    0.0000    0.0000    0.2800    0.0400    0.1200    0.1200
  CLL11    0.0000    0.0000    0.0000    0.8400    0.1200    0.3600    0.3600
  CMJ11    0.0000    0.0000    0.0000    0.8400    0.1200    0.3600    0.3600
 CovNew     ALJ10     ALJ11     AJT11     CLL10     CLJ10     CLL11     CMJ11
  ALJ10    0.3600    0.3600    0.3600    0.0000    0.0000    0.0000    0.0000
  ALJ11    0.3600    0.3600    0.3600    0.0000    0.0000    0.0000    0.0000
  AJT11    0.3600    0.3600    0.3600    0.0000    0.0000    0.0000    0.0000
  CLL10    0.0000    0.0000    0.0000    1.9600    0.0400    0.3600    0.3600
  CLJ10    0.0000    0.0000    0.0000    0.0400    0.0400    0.0400    0.0400
  CLL11    0.0000    0.0000    0.0000    0.3600    0.0400    0.3600    0.3600
  CMJ11    0.0000    0.0000    0.0000    0.3600    0.0400    0.3600    0.3600

Onionize source #14 (BGMC)
 CovOld     ALJ10     ALJ11     AJT11     CLL10     CLJ10     CLL11     CMJ11
  ALJ10    3.2400    0.1800    0.0000    0.1800    0.3600    0.0000    0.1800
  ALJ11    0.1800    0.0100    0.0000    0.0100    0.0200    0.0000    0.0100
  AJT11    0.0000    0.0000    0.0000    0.0000    0.0000    0.0000    0.0000
  CLL10    0.1800    0.0100    0.0000    0.0100    0.0200    0.0000    0.0100
  CLJ10    0.3600    0.0200    0.0000    0.0200    0.0400    0.0000    0.0200
  CLL11    0.0000    0.0000    0.0000    0.0000    0.0000    0.0000    0.0000
  CMJ11    0.1800    0.0100    0.0000    0.0100    0.0200    0.0000    0.0100
 CovNew     ALJ10     ALJ11     AJT11     CLL10     CLJ10     CLL11     CMJ11
  ALJ10    3.2400    0.0100    0.0000    0.0100    0.0400    0.0000    0.0100
  ALJ11    0.0100    0.0100    0.0000    0.0100    0.0100    0.0000    0.0100
  AJT11    0.0000    0.0000    0.0000    0.0000    0.0000    0.0000    0.0000
  CLL10    0.0100    0.0100    0.0000    0.0100    0.0100    0.0000    0.0100
  CLJ10    0.0400    0.0100    0.0000    0.0100    0.0400    0.0000    0.0100
  CLL11    0.0000    0.0000    0.0000    0.0000    0.0000    0.0000    0.0000
  CMJ11    0.0100    0.0100    0.0000    0.0100    0.0100    0.0000    0.0100

Onionize source #15 (BGDT)
 CovOld     ALJ10     ALJ11     AJT11     CLL10     CLJ10     CLL11     CMJ11
  ALJ10    0.3600    0.0000    0.0000    0.0000    0.0000    0.0000    0.0000
  ALJ11    0.0000    0.2500    0.0000    0.0000    0.0000    0.0000    0.0000
  AJT11    0.0000    0.0000    3.6100    0.0000    0.0000    0.0000    0.0000
  CLL10    0.0000    0.0000    0.0000    0.0000    0.0000    0.0000    0.0000
  CLJ10    0.0000    0.0000    0.0000    0.0000    0.1600    0.0000    0.0000
  CLL11    0.0000    0.0000    0.0000    0.0000    0.0000    0.1600    0.0000
  CMJ11    0.0000    0.0000    0.0000    0.0000    0.0000    0.0000    0.0000
 CovNew     ALJ10     ALJ11     AJT11     CLL10     CLJ10     CLL11     CMJ11
  ALJ10    0.3600    0.0000    0.0000    0.0000    0.0000    0.0000    0.0000
  ALJ11    0.0000    0.2500    0.0000    0.0000    0.0000    0.0000    0.0000
  AJT11    0.0000    0.0000    3.6100    0.0000    0.0000    0.0000    0.0000
  CLL10    0.0000    0.0000    0.0000    0.0000    0.0000    0.0000    0.0000
  CLJ10    0.0000    0.0000    0.0000    0.0000    0.1600    0.0000    0.0000
  CLL11    0.0000    0.0000    0.0000    0.0000    0.0000    0.1600    0.0000
  CMJ11    0.0000    0.0000    0.0000    0.0000    0.0000    0.0000    0.0000

Onionize source #16 (Meth)
 CovOld     ALJ10     ALJ11     AJT11     CLL10     CLJ10     CLL11     CMJ11
  ALJ10    0.1600    0.0000    0.0000    0.0000    0.0000    0.0000    0.0000
  ALJ11    0.0000    0.0100    0.0000    0.0000    0.0000    0.0000    0.0000
  AJT11    0.0000    0.0000    1.0000    0.0000    0.0000    0.0000    0.0000
  CLL10    0.0000    0.0000    0.0000    0.0900    0.0000    0.0000    0.0000
  CLJ10    0.0000    0.0000    0.0000    0.0000    0.0100    0.0000    0.0000
  CLL11    0.0000    0.0000    0.0000    0.0000    0.0000    0.1600    0.0000
  CMJ11    0.0000    0.0000    0.0000    0.0000    0.0000    0.0000    0.0400
 CovNew     ALJ10     ALJ11     AJT11     CLL10     CLJ10     CLL11     CMJ11
  ALJ10    0.1600    0.0000    0.0000    0.0000    0.0000    0.0000    0.0000
  ALJ11    0.0000    0.0100    0.0000    0.0000    0.0000    0.0000    0.0000
  AJT11    0.0000    0.0000    1.0000    0.0000    0.0000    0.0000    0.0000
  CLL10    0.0000    0.0000    0.0000    0.0900    0.0000    0.0000    0.0000
  CLJ10    0.0000    0.0000    0.0000    0.0000    0.0100    0.0000    0.0000
  CLL11    0.0000    0.0000    0.0000    0.0000    0.0000    0.1600    0.0000
  CMJ11    0.0000    0.0000    0.0000    0.0000    0.0000    0.0000    0.0400

Onionize source #17 (MHI)
 CovOld     ALJ10     ALJ11     AJT11     CLL10     CLJ10     CLL11     CMJ11
  ALJ10    0.4900    0.0000    0.0000    0.7000    0.0700    0.1400    0.2800
  ALJ11    0.0000    0.0000    0.0000    0.0000    0.0000    0.0000    0.0000
  AJT11    0.0000    0.0000    0.0000    0.0000    0.0000    0.0000    0.0000
  CLL10    0.7000    0.0000    0.0000    1.0000    0.1000    0.2000    0.4000
  CLJ10    0.0700    0.0000    0.0000    0.1000    0.0100    0.0200    0.0400
  CLL11    0.1400    0.0000    0.0000    0.2000    0.0200    0.0400    0.0800
  CMJ11    0.2800    0.0000    0.0000    0.4000    0.0400    0.0800    0.1600
 CovNew     ALJ10     ALJ11     AJT11     CLL10     CLJ10     CLL11     CMJ11
  ALJ10    0.4900    0.0000    0.0000    0.4900    0.0100    0.0400    0.1600
  ALJ11    0.0000    0.0000    0.0000    0.0000    0.0000    0.0000    0.0000
  AJT11    0.0000    0.0000    0.0000    0.0000    0.0000    0.0000    0.0000
  CLL10    0.4900    0.0000    0.0000    1.0000    0.0100    0.0400    0.1600
  CLJ10    0.0100    0.0000    0.0000    0.0100    0.0100    0.0100    0.0100
  CLL11    0.0400    0.0000    0.0000    0.0400    0.0100    0.0400    0.0400
  CMJ11    0.1600    0.0000    0.0000    0.1600    0.0100    0.0400    0.1600

------------------------ | CVW mt | FIW mt | MIW mt | RIW mt | Stat iJES aJES bJES cJES dJES rJES Lept   MC  Rad   CR  PDF DTMO   UE BGMC BGDT Meth  MHI

   ALJ10 169.30 +-  6.37 |  -0.69 |   5.21 |   0.08 |   0.68 | 4.00 0.00 0.00 2.50 0.00 2.10 0.00 0.00 1.00 2.50 0.60 0.50 1.20 0.60 1.80 0.60 0.40 0.70
   ALJ11 174.50 +-  2.41 |  19.91 |  36.31 |   8.11 |  19.55 | 0.60 0.40 0.00 1.60 0.00 0.70 0.00 0.00 0.40 1.00 0.60 0.10 0.30 0.60 0.10 0.50 0.10 0.00
   AJT11 174.90 +-  4.46 |   0.83 |  10.64 |   0.05 |   0.81 | 2.10 0.00 0.00 1.40 0.00 2.10 0.00 0.00 0.50 1.70 0.60 0.60 0.50 0.60 0.00 1.90 1.00 0.00
   CLL10 175.50 +-  6.50 |  -0.25 |   5.00 |   0.01 |   0.24 | 4.60 0.00 0.00 0.90 0.00 2.10 3.30 0.30 0.40 0.90 0.50 0.50 0.60 1.40 0.10 0.00 0.30 1.00
   CLJ10 173.10 +-  3.43 |   4.85 |  17.98 |   0.85 |   4.76 | 2.10 0.00 0.00 0.90 0.00 2.10 0.00 0.00 0.00 1.20 0.50 0.10 0.40 0.20 0.20 0.40 0.10 0.10
   CLL11 173.30 +-  2.99 |   1.25 |  23.58 |   0.04 |   1.23 | 1.20 0.00 0.00 1.10 0.00 2.00 0.00 0.20 0.10 0.80 0.50 0.40 0.70 0.60 0.00 0.40 0.40 0.20
   CMJ11 172.60 +-  1.55 |  74.10 |  87.68 |  48.12 |  72.73 | 0.40 0.40 0.00 0.70 0.00 0.20 0.00 0.00 0.00 0.80 0.50 0.10 0.30 0.60 0.10 0.00 0.20 0.40
------------------------ | ------ | ------ | ------ | ------ | ---- ---- ---- ---- ---- ---- ---- ---- ---- ---- ---- ---- ---- ---- ---- ---- ---- ----
BLUE  mt 173.05 +-  1.45 | 100.00 | 186.40 |  57.26 | 100.00 | 0.34 0.31 0.00 0.76 0.00 0.24 0.01 0.00 0.08 0.76 0.50 0.10 0.25 0.47 0.10 0.10 0.15 0.30
BLUE  mt (full precision): 173.04617 +- 1.45363
Chi2 / d.o.f = 1.67567 / 6

   CovM     ALJ10     ALJ11     AJT11     CLL10     CLJ10     CLL11     CMJ11
  ALJ10   40.5700    5.0400   10.7300    2.7800    2.5600    2.3100    1.5600
  ALJ11    5.0400    5.8200    4.4300    1.5200    1.5900    1.5500    1.1600
  AJT11   10.7300    4.4300   19.8600    1.9950    1.9100    1.8300    1.3900
  CLL10    2.7800    1.5200    1.9950   42.2500    6.5100    6.6700    2.0500
  CLJ10    2.5600    1.5900    1.9100    6.5100   11.7500    5.9200    1.5800
  CLL11    2.3100    1.5500    1.8300    6.6700    5.9200    8.9600    1.9200
  CMJ11    1.5600    1.1600    1.3900    2.0500    1.5800    1.9200    2.4100

7. NO CORRELATIONS

------------------------ | CVW mt | FIW mt | MIW mt | RIW mt | Stat iJES aJES bJES cJES dJES rJES Lept   MC  Rad   CR  PDF DTMO   UE BGMC BGDT Meth  MHI

   ALJ10 169.30 +-  6.37 |   2.79 |   2.79 |   2.79 |   2.79 | 4.00 0.00 0.00 2.50 0.00 2.10 0.00 0.00 1.00 2.50 0.60 0.50 1.20 0.60 1.80 0.60 0.40 0.70
   ALJ11 174.50 +-  2.41 |  19.48 |  19.48 |  19.48 |  19.48 | 0.60 0.40 0.00 1.60 0.00 0.70 0.00 0.00 0.40 1.00 0.60 0.10 0.30 0.60 0.10 0.50 0.10 0.00
   AJT11 174.90 +-  4.46 |   5.71 |   5.71 |   5.71 |   5.71 | 2.10 0.00 0.00 1.40 0.00 2.10 0.00 0.00 0.50 1.70 0.60 0.60 0.50 0.60 0.00 1.90 1.00 0.00
   CLL10 175.50 +-  6.50 |   2.68 |   2.68 |   2.68 |   2.68 | 4.60 0.00 0.00 0.90 0.00 2.10 3.30 0.30 0.40 0.90 0.50 0.50 0.60 1.40 0.10 0.00 0.30 1.00
   CLJ10 173.10 +-  3.43 |   9.65 |   9.65 |   9.65 |   9.65 | 2.10 0.00 0.00 0.90 0.00 2.10 0.00 0.00 0.00 1.20 0.50 0.10 0.40 0.20 0.20 0.40 0.10 0.10
   CLL11 173.30 +-  2.99 |  12.65 |  12.65 |  12.65 |  12.65 | 1.20 0.00 0.00 1.10 0.00 2.00 0.00 0.20 0.10 0.80 0.50 0.40 0.70 0.60 0.00 0.40 0.40 0.20
   CMJ11 172.60 +-  1.55 |  47.04 |  47.04 |  47.04 |  47.04 | 0.40 0.40 0.00 0.70 0.00 0.20 0.00 0.00 0.00 0.80 0.50 0.10 0.30 0.60 0.10 0.00 0.20 0.40
------------------------ | ------ | ------ | ------ | ------ | ---- ---- ---- ---- ---- ---- ---- ---- ---- ---- ---- ---- ---- ---- ---- ---- ---- ----
BLUE  mt 173.22 +-  1.06 | 100.00 | 100.00 | 100.00 | 100.00 | 0.39 0.20 0.00 0.49 0.00 0.39 0.09 0.03 0.09 0.47 0.28 0.08 0.19 0.32 0.07 0.16 0.12 0.19
BLUE  mt (full precision): 173.22376 +- 1.06471
Chi2 / d.o.f = 1.08686 / 6

   CovM     ALJ10     ALJ11     AJT11     CLL10     CLJ10     CLL11     CMJ11
  ALJ10   40.5700    0.0000    0.0000    0.0000    0.0000    0.0000    0.0000
  ALJ11    0.0000    5.8200    0.0000    0.0000    0.0000    0.0000    0.0000
  AJT11    0.0000    0.0000   19.8600    0.0000    0.0000    0.0000    0.0000
  CLL10    0.0000    0.0000    0.0000   42.2500    0.0000    0.0000    0.0000
  CLJ10    0.0000    0.0000    0.0000    0.0000   11.7500    0.0000    0.0000
  CLL11    0.0000    0.0000    0.0000    0.0000    0.0000    8.9600    0.0000
  CMJ11    0.0000    0.0000    0.0000    0.0000    0.0000    0.0000    2.4100

--------------------------------------------------------------------

Create latex report: /afs/cern.ch/user/a/avalassi/blue2/sw/examples/dataTOP/lhc2012_body.tex
WARNING! Overfull hbox: increase width by 42.20096pt
This is pdfTeXk, Version 3.141592-1.40.3 (Web2C 7.5.6)
 %&-line parsing enabled.
entering extended mode
(./lhc2012.tex
LaTeX2e <2005/12/01>
Babel <v3.8h> and hyphenation patterns for english, usenglishmax, dumylang, noh
yphenation, arabic, basque, bulgarian, coptic, welsh, czech, slovak, german, ng
erman, danish, esperanto, spanish, catalan, galician, estonian, farsi, finnish,
 french, greek, monogreek, ancientgreek, croatian, hungarian, interlingua, ibyc
us, indonesian, icelandic, italian, latin, mongolian, dutch, norsk, polish, por
tuguese, pinyin, romanian, russian, slovenian, uppersorbian, serbian, swedish, 
turkish, ukenglish, ukrainian, loaded.
(/usr/share/texmf/tex/latex/base/article.cls
Document Class: article 2005/09/16 v1.4f Standard LaTeX document class
(/usr/share/texmf/tex/latex/base/size11.clo))
(/usr/share/texmf/tex/latex/geometry/geometry.sty
(/usr/share/texmf/tex/latex/graphics/keyval.sty))
(/usr/share/texmf/tex/latex/fancyhdr/fancyhdr.sty)
(/usr/share/texmf/tex/latex/graphics/graphicx.sty
(/usr/share/texmf/tex/latex/graphics/graphics.sty
(/usr/share/texmf/tex/latex/graphics/trig.sty)
(/usr/share/texmf/tex/latex/config/graphics.cfg)
(/usr/share/texmf/tex/latex/pdftex-def/pdftex.def)))
(/usr/share/texmf/tex/latex/listings/listings.sty
(/usr/share/texmf/tex/latex/listings/lstpatch.sty)
(/usr/share/texmf/tex/latex/listings/lstmisc.sty)
(/usr/share/texmf/tex/latex/listings/listings.cfg))
(/usr/share/texmf/tex/latex/xcolor/xcolor.sty
(/usr/share/texmf/tex/latex/config/color.cfg)
(/usr/share/texmf/tex/latex/xcolor/x11nam.def))
(/usr/share/texmf/tex/latex/caption/caption.sty
(/usr/share/texmf/tex/latex/caption/caption3.sty))
(/usr/share/texmf/tex/latex/multirow/multirow.sty)
(/usr/share/texmf/tex/latex/float/float.sty)
No file lhc2012.aux.
(/usr/share/texmf/tex/latex/ragged2e/ragged2e.sty
(/usr/share/texmf/tex/latex/everysel/everysel.sty)) (./lhc2012_body.tex
Overfull \hbox (42.20096pt too wide) in paragraph at lines 6--23
 [] 
<BlueFinLogo.jpg, id=1, 862.72313pt x 614.295pt> <use BlueFinLogo.jpg>
Overfull \hbox (34.28554pt too wide) has occurred while \output is active
 [][]| 
[1{/usr/share/texmf/fonts/map/pdftex/updmap/pdftex.map} <./BlueFinLogo.jpg>]
<use BlueFinLogo.jpg>
Overfull \hbox (34.28554pt too wide) has occurred while \output is active
 [][]| 
[2] <use BlueFinLogo.jpg>
Overfull \hbox (34.28554pt too wide) has occurred while \output is active
 [][]| 
[3] <use BlueFinLogo.jpg>
Overfull \hbox (34.28554pt too wide) has occurred while \output is active
 [][]| 
[4] <use BlueFinLogo.jpg>
Overfull \hbox (34.28554pt too wide) has occurred while \output is active
 [][]| 
[5] <use BlueFinLogo.jpg>
Overfull \hbox (34.28554pt too wide) has occurred while \output is active
 [][]| 
[6] <use BlueFinLogo.jpg>
Overfull \hbox (34.28554pt too wide) has occurred while \output is active
 [][]| 
[7] <use BlueFinLogo.jpg>
Overfull \hbox (34.28554pt too wide) has occurred while \output is active
 [][]| 
[8] <use BlueFinLogo.jpg>
Overfull \hbox (34.28554pt too wide) has occurred while \output is active
 [][]| 
[9]
Overfull \hbox (42.20096pt too wide) in paragraph at lines 573--590
 [] 
<use BlueFinLogo.jpg>
Overfull \hbox (34.28554pt too wide) has occurred while \output is active
 [][]| 
[10] <use BlueFinLogo.jpg>
Overfull \hbox (34.28554pt too wide) has occurred while \output is active
 [][]| 
[11] <use BlueFinLogo.jpg>
Overfull \hbox (34.28554pt too wide) has occurred while \output is active
 [][]| 
[12] <use BlueFinLogo.jpg>
Overfull \hbox (34.28554pt too wide) has occurred while \output is active
 [][]| 
[13] <use BlueFinLogo.jpg>
Overfull \hbox (34.28554pt too wide) has occurred while \output is active
 [][]| 
[14] <use BlueFinLogo.jpg>
Overfull \hbox (34.28554pt too wide) has occurred while \output is active
 [][]| 
[15] <use BlueFinLogo.jpg>
Overfull \hbox (34.28554pt too wide) has occurred while \output is active
 [][]| 
[16] <use BlueFinLogo.jpg>
Overfull \hbox (34.28554pt too wide) has occurred while \output is active
 [][]| 
[17]
Overfull \hbox (42.20096pt too wide) in paragraph at lines 1129--1146
 [] 
<use BlueFinLogo.jpg>
Overfull \hbox (34.28554pt too wide) has occurred while \output is active
 [][]| 
[18] <use BlueFinLogo.jpg>
Overfull \hbox (34.28554pt too wide) has occurred while \output is active
 [][]| 
[19] <use BlueFinLogo.jpg>
Overfull \hbox (34.28554pt too wide) has occurred while \output is active
 [][]| 
[20] <use BlueFinLogo.jpg>
Overfull \hbox (34.28554pt too wide) has occurred while \output is active
 [][]| 
[21] <use BlueFinLogo.jpg>
Overfull \hbox (34.28554pt too wide) has occurred while \output is active
 [][]| 
[22] <use BlueFinLogo.jpg>
Overfull \hbox (34.28554pt too wide) has occurred while \output is active
 [][]| 
[23] <use BlueFinLogo.jpg>
Overfull \hbox (34.28554pt too wide) has occurred while \output is active
 [][]| 
[24] <use BlueFinLogo.jpg>
Overfull \hbox (34.28554pt too wide) has occurred while \output is active
 [][]| 
[25] <use BlueFinLogo.jpg>
Overfull \hbox (34.28554pt too wide) has occurred while \output is active
 [][]| 
[26]
Overfull \hbox (42.20096pt too wide) in paragraph at lines 1702--1719
 [] 
<use BlueFinLogo.jpg>
Overfull \hbox (34.28554pt too wide) has occurred while \output is active
 [][]| 
[27] <use BlueFinLogo.jpg>
Overfull \hbox (34.28554pt too wide) has occurred while \output is active
 [][]| 
[28] <use BlueFinLogo.jpg>
Overfull \hbox (34.28554pt too wide) has occurred while \output is active
 [][]| 
[29] <use BlueFinLogo.jpg>
Overfull \hbox (34.28554pt too wide) has occurred while \output is active
 [][]| 
[30] <use BlueFinLogo.jpg>
Overfull \hbox (34.28554pt too wide) has occurred while \output is active
 [][]| 
[31] <use BlueFinLogo.jpg>
Overfull \hbox (34.28554pt too wide) has occurred while \output is active
 [][]| 
[32] <use BlueFinLogo.jpg>
Overfull \hbox (34.28554pt too wide) has occurred while \output is active
 [][]| 
[33] <use BlueFinLogo.jpg>
Overfull \hbox (34.28554pt too wide) has occurred while \output is active
 [][]| 
[34] <use BlueFinLogo.jpg>
Overfull \hbox (34.28554pt too wide) has occurred while \output is active
 [][]| 
[35]
Overfull \hbox (41.83391pt too wide) in paragraph at lines 2278--2290
 [] 

Overfull \hbox (41.93881pt too wide) in paragraph at lines 2298--2313
 [] 
<use BlueFinLogo.jpg>
Overfull \hbox (34.28554pt too wide) has occurred while \output is active
 [][]| 
[36] <use BlueFinLogo.jpg>
Overfull \hbox (34.28554pt too wide) has occurred while \output is active
 [][]| 
[37] <use BlueFinLogo.jpg>
Overfull \hbox (34.28554pt too wide) has occurred while \output is active
 [][]| 
[38] <use BlueFinLogo.jpg>
Overfull \hbox (34.28554pt too wide) has occurred while \output is active
 [][]| 
[39] <use BlueFinLogo.jpg>
Overfull \hbox (34.28554pt too wide) has occurred while \output is active
 [][]| 
[40]
Overfull \hbox (42.20096pt too wide) in paragraph at lines 2626--2643
 [] 
<use BlueFinLogo.jpg>
Overfull \hbox (34.28554pt too wide) has occurred while \output is active
 [][]| 
[41] <use BlueFinLogo.jpg>
Overfull \hbox (34.28554pt too wide) has occurred while \output is active
 [][]| 
[42] <use BlueFinLogo.jpg>
Overfull \hbox (34.28554pt too wide) has occurred while \output is active
 [][]| 
[43] <use BlueFinLogo.jpg>
Overfull \hbox (34.28554pt too wide) has occurred while \output is active
 [][]| 
[44] <use BlueFinLogo.jpg>
Overfull \hbox (34.28554pt too wide) has occurred while \output is active
 [][]| 
[45] <use BlueFinLogo.jpg>
Overfull \hbox (34.28554pt too wide) has occurred while \output is active
 [][]| 
[46] <use BlueFinLogo.jpg>
Overfull \hbox (34.28554pt too wide) has occurred while \output is active
 [][]| 
[47] <use BlueFinLogo.jpg>
Overfull \hbox (34.28554pt too wide) has occurred while \output is active
 [][]| 
[48]
Overfull \hbox (42.20096pt too wide) in paragraph at lines 3166--3183
 [] 
<use BlueFinLogo.jpg>
Overfull \hbox (34.28554pt too wide) has occurred while \output is active
 [][]| 
[49] <use BlueFinLogo.jpg>
Overfull \hbox (34.28554pt too wide) has occurred while \output is active
 [][]| 
[50] <use BlueFinLogo.jpg>
Overfull \hbox (34.28554pt too wide) has occurred while \output is active
 [][]| 
[51] <use BlueFinLogo.jpg>
Overfull \hbox (34.28554pt too wide) has occurred while \output is active
 [][]| 
[52] <use BlueFinLogo.jpg>
Overfull \hbox (34.28554pt too wide) has occurred while \output is active
 [][]| 
[53] <use BlueFinLogo.jpg>
Overfull \hbox (34.28554pt too wide) has occurred while \output is active
 [][]| 
[54] <use BlueFinLogo.jpg>
Overfull \hbox (34.28554pt too wide) has occurred while \output is active
 [][]| 
[55]) <use BlueFinLogo.jpg>
Overfull \hbox (34.28554pt too wide) has occurred while \output is active
 [][]| 
[56] (./lhc2012.bfin <use BlueFinLogo.jpg>
Overfull \hbox (34.28554pt too wide) has occurred while \output is active
 [][]| 
[57]) <use BlueFinLogo.jpg>
Overfull \hbox (34.28554pt too wide) has occurred while \output is active
 [][]| 
[58] (./lhc2012.aux (./lhc2012_body.aux)) )
(see the transcript file for additional information)</usr/share/texmf/fonts/typ
e1/bluesky/cm/cmbx12.pfb></usr/share/texmf/fonts/type1/bluesky/cm/cmcsc10.pfb><
/usr/share/texmf/fonts/type1/bluesky/cm/cmex10.pfb></usr/share/texmf/fonts/type
1/bluesky/cm/cmmi10.pfb></usr/share/texmf/fonts/type1/bluesky/cm/cmmi6.pfb></us
r/share/texmf/fonts/type1/bluesky/cm/cmmi7.pfb></usr/share/texmf/fonts/type1/bl
uesky/cm/cmmi8.pfb></usr/share/texmf/fonts/type1/bluesky/cm/cmr10.pfb></usr/sha
re/texmf/fonts/type1/bluesky/cm/cmr5.pfb></usr/share/texmf/fonts/type1/bluesky/
cm/cmr6.pfb></usr/share/texmf/fonts/type1/bluesky/cm/cmr7.pfb></usr/share/texmf
/fonts/type1/bluesky/cm/cmr8.pfb></usr/share/texmf/fonts/type1/bluesky/cm/cmsl1
0.pfb></usr/share/texmf/fonts/type1/bluesky/cm/cmsy6.pfb></usr/share/texmf/font
s/type1/bluesky/cm/cmsy8.pfb></usr/share/texmf/fonts/type1/bluesky/cm/cmti10.pf
b></usr/share/texmf/fonts/type1/bluesky/cm/cmti8.pfb></usr/share/texmf/fonts/ty
pe1/bluesky/cm/cmtt10.pfb></usr/share/texmf/fonts/type1/bluesky/cm/cmtt8.pfb>
Output written on lhc2012.pdf (58 pages, 444781 bytes).
Transcript written on lhc2012.log.
This is pdfTeXk, Version 3.141592-1.40.3 (Web2C 7.5.6)
 %&-line parsing enabled.
entering extended mode
(./lhc2012.tex
LaTeX2e <2005/12/01>
Babel <v3.8h> and hyphenation patterns for english, usenglishmax, dumylang, noh
yphenation, arabic, basque, bulgarian, coptic, welsh, czech, slovak, german, ng
erman, danish, esperanto, spanish, catalan, galician, estonian, farsi, finnish,
 french, greek, monogreek, ancientgreek, croatian, hungarian, interlingua, ibyc
us, indonesian, icelandic, italian, latin, mongolian, dutch, norsk, polish, por
tuguese, pinyin, romanian, russian, slovenian, uppersorbian, serbian, swedish, 
turkish, ukenglish, ukrainian, loaded.
(/usr/share/texmf/tex/latex/base/article.cls
Document Class: article 2005/09/16 v1.4f Standard LaTeX document class
(/usr/share/texmf/tex/latex/base/size11.clo))
(/usr/share/texmf/tex/latex/geometry/geometry.sty
(/usr/share/texmf/tex/latex/graphics/keyval.sty))
(/usr/share/texmf/tex/latex/fancyhdr/fancyhdr.sty)
(/usr/share/texmf/tex/latex/graphics/graphicx.sty
(/usr/share/texmf/tex/latex/graphics/graphics.sty
(/usr/share/texmf/tex/latex/graphics/trig.sty)
(/usr/share/texmf/tex/latex/config/graphics.cfg)
(/usr/share/texmf/tex/latex/pdftex-def/pdftex.def)))
(/usr/share/texmf/tex/latex/listings/listings.sty
(/usr/share/texmf/tex/latex/listings/lstpatch.sty)
(/usr/share/texmf/tex/latex/listings/lstmisc.sty)
(/usr/share/texmf/tex/latex/listings/listings.cfg))
(/usr/share/texmf/tex/latex/xcolor/xcolor.sty
(/usr/share/texmf/tex/latex/config/color.cfg)
(/usr/share/texmf/tex/latex/xcolor/x11nam.def))
(/usr/share/texmf/tex/latex/caption/caption.sty
(/usr/share/texmf/tex/latex/caption/caption3.sty))
(/usr/share/texmf/tex/latex/multirow/multirow.sty)
(/usr/share/texmf/tex/latex/float/float.sty) (./lhc2012.aux (./lhc2012_body.aux
)) (/usr/share/texmf/tex/latex/ragged2e/ragged2e.sty
(/usr/share/texmf/tex/latex/everysel/everysel.sty)) (./lhc2012_body.tex
Overfull \hbox (42.20096pt too wide) in paragraph at lines 6--23
 [] 
<BlueFinLogo.jpg, id=1, 862.72313pt x 614.295pt> <use BlueFinLogo.jpg>
Overfull \hbox (34.28554pt too wide) has occurred while \output is active
 [][]| 
[1{/usr/share/texmf/fonts/map/pdftex/updmap/pdftex.map} <./BlueFinLogo.jpg>]
<use BlueFinLogo.jpg>
Overfull \hbox (34.28554pt too wide) has occurred while \output is active
 [][]| 
[2] <use BlueFinLogo.jpg>
Overfull \hbox (34.28554pt too wide) has occurred while \output is active
 [][]| 
[3] <use BlueFinLogo.jpg>
Overfull \hbox (34.28554pt too wide) has occurred while \output is active
 [][]| 
[4] <use BlueFinLogo.jpg>
Overfull \hbox (34.28554pt too wide) has occurred while \output is active
 [][]| 
[5] <use BlueFinLogo.jpg>
Overfull \hbox (34.28554pt too wide) has occurred while \output is active
 [][]| 
[6] <use BlueFinLogo.jpg>
Overfull \hbox (34.28554pt too wide) has occurred while \output is active
 [][]| 
[7] <use BlueFinLogo.jpg>
Overfull \hbox (34.28554pt too wide) has occurred while \output is active
 [][]| 
[8] <use BlueFinLogo.jpg>
Overfull \hbox (34.28554pt too wide) has occurred while \output is active
 [][]| 
[9]
Overfull \hbox (42.20096pt too wide) in paragraph at lines 573--590
 [] 
<use BlueFinLogo.jpg>
Overfull \hbox (34.28554pt too wide) has occurred while \output is active
 [][]| 
[10] <use BlueFinLogo.jpg>
Overfull \hbox (34.28554pt too wide) has occurred while \output is active
 [][]| 
[11] <use BlueFinLogo.jpg>
Overfull \hbox (34.28554pt too wide) has occurred while \output is active
 [][]| 
[12] <use BlueFinLogo.jpg>
Overfull \hbox (34.28554pt too wide) has occurred while \output is active
 [][]| 
[13] <use BlueFinLogo.jpg>
Overfull \hbox (34.28554pt too wide) has occurred while \output is active
 [][]| 
[14] <use BlueFinLogo.jpg>
Overfull \hbox (34.28554pt too wide) has occurred while \output is active
 [][]| 
[15] <use BlueFinLogo.jpg>
Overfull \hbox (34.28554pt too wide) has occurred while \output is active
 [][]| 
[16] <use BlueFinLogo.jpg>
Overfull \hbox (34.28554pt too wide) has occurred while \output is active
 [][]| 
[17]
Overfull \hbox (42.20096pt too wide) in paragraph at lines 1129--1146
 [] 
<use BlueFinLogo.jpg>
Overfull \hbox (34.28554pt too wide) has occurred while \output is active
 [][]| 
[18] <use BlueFinLogo.jpg>
Overfull \hbox (34.28554pt too wide) has occurred while \output is active
 [][]| 
[19] <use BlueFinLogo.jpg>
Overfull \hbox (34.28554pt too wide) has occurred while \output is active
 [][]| 
[20] <use BlueFinLogo.jpg>
Overfull \hbox (34.28554pt too wide) has occurred while \output is active
 [][]| 
[21] <use BlueFinLogo.jpg>
Overfull \hbox (34.28554pt too wide) has occurred while \output is active
 [][]| 
[22] <use BlueFinLogo.jpg>
Overfull \hbox (34.28554pt too wide) has occurred while \output is active
 [][]| 
[23] <use BlueFinLogo.jpg>
Overfull \hbox (34.28554pt too wide) has occurred while \output is active
 [][]| 
[24] <use BlueFinLogo.jpg>
Overfull \hbox (34.28554pt too wide) has occurred while \output is active
 [][]| 
[25] <use BlueFinLogo.jpg>
Overfull \hbox (34.28554pt too wide) has occurred while \output is active
 [][]| 
[26]
Overfull \hbox (42.20096pt too wide) in paragraph at lines 1702--1719
 [] 
<use BlueFinLogo.jpg>
Overfull \hbox (34.28554pt too wide) has occurred while \output is active
 [][]| 
[27] <use BlueFinLogo.jpg>
Overfull \hbox (34.28554pt too wide) has occurred while \output is active
 [][]| 
[28] <use BlueFinLogo.jpg>
Overfull \hbox (34.28554pt too wide) has occurred while \output is active
 [][]| 
[29] <use BlueFinLogo.jpg>
Overfull \hbox (34.28554pt too wide) has occurred while \output is active
 [][]| 
[30] <use BlueFinLogo.jpg>
Overfull \hbox (34.28554pt too wide) has occurred while \output is active
 [][]| 
[31] <use BlueFinLogo.jpg>
Overfull \hbox (34.28554pt too wide) has occurred while \output is active
 [][]| 
[32] <use BlueFinLogo.jpg>
Overfull \hbox (34.28554pt too wide) has occurred while \output is active
 [][]| 
[33] <use BlueFinLogo.jpg>
Overfull \hbox (34.28554pt too wide) has occurred while \output is active
 [][]| 
[34] <use BlueFinLogo.jpg>
Overfull \hbox (34.28554pt too wide) has occurred while \output is active
 [][]| 
[35]
Overfull \hbox (41.83391pt too wide) in paragraph at lines 2278--2290
 [] 

Overfull \hbox (41.93881pt too wide) in paragraph at lines 2298--2313
 [] 
<use BlueFinLogo.jpg>
Overfull \hbox (34.28554pt too wide) has occurred while \output is active
 [][]| 
[36] <use BlueFinLogo.jpg>
Overfull \hbox (34.28554pt too wide) has occurred while \output is active
 [][]| 
[37] <use BlueFinLogo.jpg>
Overfull \hbox (34.28554pt too wide) has occurred while \output is active
 [][]| 
[38] <use BlueFinLogo.jpg>
Overfull \hbox (34.28554pt too wide) has occurred while \output is active
 [][]| 
[39] <use BlueFinLogo.jpg>
Overfull \hbox (34.28554pt too wide) has occurred while \output is active
 [][]| 
[40]
Overfull \hbox (42.20096pt too wide) in paragraph at lines 2626--2643
 [] 
<use BlueFinLogo.jpg>
Overfull \hbox (34.28554pt too wide) has occurred while \output is active
 [][]| 
[41] <use BlueFinLogo.jpg>
Overfull \hbox (34.28554pt too wide) has occurred while \output is active
 [][]| 
[42] <use BlueFinLogo.jpg>
Overfull \hbox (34.28554pt too wide) has occurred while \output is active
 [][]| 
[43] <use BlueFinLogo.jpg>
Overfull \hbox (34.28554pt too wide) has occurred while \output is active
 [][]| 
[44] <use BlueFinLogo.jpg>
Overfull \hbox (34.28554pt too wide) has occurred while \output is active
 [][]| 
[45] <use BlueFinLogo.jpg>
Overfull \hbox (34.28554pt too wide) has occurred while \output is active
 [][]| 
[46] <use BlueFinLogo.jpg>
Overfull \hbox (34.28554pt too wide) has occurred while \output is active
 [][]| 
[47] <use BlueFinLogo.jpg>
Overfull \hbox (34.28554pt too wide) has occurred while \output is active
 [][]| 
[48]
Overfull \hbox (42.20096pt too wide) in paragraph at lines 3166--3183
 [] 
<use BlueFinLogo.jpg>
Overfull \hbox (34.28554pt too wide) has occurred while \output is active
 [][]| 
[49] <use BlueFinLogo.jpg>
Overfull \hbox (34.28554pt too wide) has occurred while \output is active
 [][]| 
[50] <use BlueFinLogo.jpg>
Overfull \hbox (34.28554pt too wide) has occurred while \output is active
 [][]| 
[51] <use BlueFinLogo.jpg>
Overfull \hbox (34.28554pt too wide) has occurred while \output is active
 [][]| 
[52] <use BlueFinLogo.jpg>
Overfull \hbox (34.28554pt too wide) has occurred while \output is active
 [][]| 
[53] <use BlueFinLogo.jpg>
Overfull \hbox (34.28554pt too wide) has occurred while \output is active
 [][]| 
[54] <use BlueFinLogo.jpg>
Overfull \hbox (34.28554pt too wide) has occurred while \output is active
 [][]| 
[55]) <use BlueFinLogo.jpg>
Overfull \hbox (34.28554pt too wide) has occurred while \output is active
 [][]| 
[56] (./lhc2012.bfin <use BlueFinLogo.jpg>
Overfull \hbox (34.28554pt too wide) has occurred while \output is active
 [][]| 
[57]) <use BlueFinLogo.jpg>
Overfull \hbox (34.28554pt too wide) has occurred while \output is active
 [][]| 
[58] (./lhc2012.aux (./lhc2012_body.aux)) )
(see the transcript file for additional information)</usr/share/texmf/fonts/typ
e1/bluesky/cm/cmbx12.pfb></usr/share/texmf/fonts/type1/bluesky/cm/cmcsc10.pfb><
/usr/share/texmf/fonts/type1/bluesky/cm/cmex10.pfb></usr/share/texmf/fonts/type
1/bluesky/cm/cmmi10.pfb></usr/share/texmf/fonts/type1/bluesky/cm/cmmi6.pfb></us
r/share/texmf/fonts/type1/bluesky/cm/cmmi7.pfb></usr/share/texmf/fonts/type1/bl
uesky/cm/cmmi8.pfb></usr/share/texmf/fonts/type1/bluesky/cm/cmr10.pfb></usr/sha
re/texmf/fonts/type1/bluesky/cm/cmr5.pfb></usr/share/texmf/fonts/type1/bluesky/
cm/cmr6.pfb></usr/share/texmf/fonts/type1/bluesky/cm/cmr7.pfb></usr/share/texmf
/fonts/type1/bluesky/cm/cmr8.pfb></usr/share/texmf/fonts/type1/bluesky/cm/cmsl1
0.pfb></usr/share/texmf/fonts/type1/bluesky/cm/cmsy6.pfb></usr/share/texmf/font
s/type1/bluesky/cm/cmsy8.pfb></usr/share/texmf/fonts/type1/bluesky/cm/cmti10.pf
b></usr/share/texmf/fonts/type1/bluesky/cm/cmti8.pfb></usr/share/texmf/fonts/ty
pe1/bluesky/cm/cmtt10.pfb></usr/share/texmf/fonts/type1/bluesky/cm/cmtt8.pfb>
Output written on lhc2012.pdf (58 pages, 444781 bytes).
Transcript written on lhc2012.log.
WARNING! Re-gain A4 ratio: increase height by 29.9399pt instead
This is pdfTeXk, Version 3.141592-1.40.3 (Web2C 7.5.6)
 %&-line parsing enabled.
entering extended mode
(./lhc2012.tex
LaTeX2e <2005/12/01>
Babel <v3.8h> and hyphenation patterns for english, usenglishmax, dumylang, noh
yphenation, arabic, basque, bulgarian, coptic, welsh, czech, slovak, german, ng
erman, danish, esperanto, spanish, catalan, galician, estonian, farsi, finnish,
 french, greek, monogreek, ancientgreek, croatian, hungarian, interlingua, ibyc
us, indonesian, icelandic, italian, latin, mongolian, dutch, norsk, polish, por
tuguese, pinyin, romanian, russian, slovenian, uppersorbian, serbian, swedish, 
turkish, ukenglish, ukrainian, loaded.
(/usr/share/texmf/tex/latex/base/article.cls
Document Class: article 2005/09/16 v1.4f Standard LaTeX document class
(/usr/share/texmf/tex/latex/base/size11.clo))
(/usr/share/texmf/tex/latex/geometry/geometry.sty
(/usr/share/texmf/tex/latex/graphics/keyval.sty))
(/usr/share/texmf/tex/latex/fancyhdr/fancyhdr.sty)
(/usr/share/texmf/tex/latex/graphics/graphicx.sty
(/usr/share/texmf/tex/latex/graphics/graphics.sty
(/usr/share/texmf/tex/latex/graphics/trig.sty)
(/usr/share/texmf/tex/latex/config/graphics.cfg)
(/usr/share/texmf/tex/latex/pdftex-def/pdftex.def)))
(/usr/share/texmf/tex/latex/listings/listings.sty
(/usr/share/texmf/tex/latex/listings/lstpatch.sty)
(/usr/share/texmf/tex/latex/listings/lstmisc.sty)
(/usr/share/texmf/tex/latex/listings/listings.cfg))
(/usr/share/texmf/tex/latex/xcolor/xcolor.sty
(/usr/share/texmf/tex/latex/config/color.cfg)
(/usr/share/texmf/tex/latex/xcolor/x11nam.def))
(/usr/share/texmf/tex/latex/caption/caption.sty
(/usr/share/texmf/tex/latex/caption/caption3.sty))
(/usr/share/texmf/tex/latex/multirow/multirow.sty)
(/usr/share/texmf/tex/latex/float/float.sty) (./lhc2012.aux (./lhc2012_body.aux
)) (/usr/share/texmf/tex/latex/ragged2e/ragged2e.sty
(/usr/share/texmf/tex/latex/everysel/everysel.sty)) (./lhc2012_body.tex
<BlueFinLogo.jpg, id=1, 862.72313pt x 614.295pt> <use BlueFinLogo.jpg> [1{/usr/
share/texmf/fonts/map/pdftex/updmap/pdftex.map} <./BlueFinLogo.jpg>]
<use BlueFinLogo.jpg> [2] <use BlueFinLogo.jpg> [3] <use BlueFinLogo.jpg>
[4] <use BlueFinLogo.jpg> [5] <use BlueFinLogo.jpg> [6] <use BlueFinLogo.jpg>
[7] <use BlueFinLogo.jpg> [8] <use BlueFinLogo.jpg> [9] <use BlueFinLogo.jpg>
[10] <use BlueFinLogo.jpg> [11] <use BlueFinLogo.jpg> [12]
<use BlueFinLogo.jpg> [13] <use BlueFinLogo.jpg> [14] <use BlueFinLogo.jpg>
[15] <use BlueFinLogo.jpg> [16] <use BlueFinLogo.jpg> [17]
<use BlueFinLogo.jpg> [18] <use BlueFinLogo.jpg> [19] <use BlueFinLogo.jpg>
[20] <use BlueFinLogo.jpg> [21] <use BlueFinLogo.jpg> [22]
<use BlueFinLogo.jpg> [23] <use BlueFinLogo.jpg> [24] <use BlueFinLogo.jpg>
[25] <use BlueFinLogo.jpg> [26] <use BlueFinLogo.jpg> [27]
<use BlueFinLogo.jpg> [28] <use BlueFinLogo.jpg> [29] <use BlueFinLogo.jpg>
[30] <use BlueFinLogo.jpg> [31] <use BlueFinLogo.jpg> [32]
<use BlueFinLogo.jpg> [33] <use BlueFinLogo.jpg> [34] <use BlueFinLogo.jpg>
[35] <use BlueFinLogo.jpg> [36] <use BlueFinLogo.jpg> [37]
<use BlueFinLogo.jpg> [38] <use BlueFinLogo.jpg> [39] <use BlueFinLogo.jpg>
[40] <use BlueFinLogo.jpg> [41] <use BlueFinLogo.jpg> [42]
<use BlueFinLogo.jpg> [43] <use BlueFinLogo.jpg> [44] <use BlueFinLogo.jpg>
[45] <use BlueFinLogo.jpg> [46] <use BlueFinLogo.jpg> [47]
<use BlueFinLogo.jpg> [48] <use BlueFinLogo.jpg> [49] <use BlueFinLogo.jpg>
[50] <use BlueFinLogo.jpg> [51] <use BlueFinLogo.jpg> [52]
<use BlueFinLogo.jpg> [53] <use BlueFinLogo.jpg> [54] <use BlueFinLogo.jpg>
[55]) <use BlueFinLogo.jpg> [56] (./lhc2012.bfin <use BlueFinLogo.jpg> [57])
<use BlueFinLogo.jpg> [58] (./lhc2012.aux (./lhc2012_body.aux)) )</usr/share/te
xmf/fonts/type1/bluesky/cm/cmbx12.pfb></usr/share/texmf/fonts/type1/bluesky/cm/
cmcsc10.pfb></usr/share/texmf/fonts/type1/bluesky/cm/cmex10.pfb></usr/share/tex
mf/fonts/type1/bluesky/cm/cmmi10.pfb></usr/share/texmf/fonts/type1/bluesky/cm/c
mmi6.pfb></usr/share/texmf/fonts/type1/bluesky/cm/cmmi7.pfb></usr/share/texmf/f
onts/type1/bluesky/cm/cmmi8.pfb></usr/share/texmf/fonts/type1/bluesky/cm/cmr10.
pfb></usr/share/texmf/fonts/type1/bluesky/cm/cmr5.pfb></usr/share/texmf/fonts/t
ype1/bluesky/cm/cmr6.pfb></usr/share/texmf/fonts/type1/bluesky/cm/cmr7.pfb></us
r/share/texmf/fonts/type1/bluesky/cm/cmr8.pfb></usr/share/texmf/fonts/type1/blu
esky/cm/cmsl10.pfb></usr/share/texmf/fonts/type1/bluesky/cm/cmsy6.pfb></usr/sha
re/texmf/fonts/type1/bluesky/cm/cmsy8.pfb></usr/share/texmf/fonts/type1/bluesky
/cm/cmti10.pfb></usr/share/texmf/fonts/type1/bluesky/cm/cmti8.pfb></usr/share/t
exmf/fonts/type1/bluesky/cm/cmtt10.pfb></usr/share/texmf/fonts/type1/bluesky/cm
/cmtt8.pfb>
Output written on lhc2012.pdf (58 pages, 444129 bytes).
Transcript written on lhc2012.log.
This is pdfTeXk, Version 3.141592-1.40.3 (Web2C 7.5.6)
 %&-line parsing enabled.
entering extended mode
(./lhc2012.tex
LaTeX2e <2005/12/01>
Babel <v3.8h> and hyphenation patterns for english, usenglishmax, dumylang, noh
yphenation, arabic, basque, bulgarian, coptic, welsh, czech, slovak, german, ng
erman, danish, esperanto, spanish, catalan, galician, estonian, farsi, finnish,
 french, greek, monogreek, ancientgreek, croatian, hungarian, interlingua, ibyc
us, indonesian, icelandic, italian, latin, mongolian, dutch, norsk, polish, por
tuguese, pinyin, romanian, russian, slovenian, uppersorbian, serbian, swedish, 
turkish, ukenglish, ukrainian, loaded.
(/usr/share/texmf/tex/latex/base/article.cls
Document Class: article 2005/09/16 v1.4f Standard LaTeX document class
(/usr/share/texmf/tex/latex/base/size11.clo))
(/usr/share/texmf/tex/latex/geometry/geometry.sty
(/usr/share/texmf/tex/latex/graphics/keyval.sty))
(/usr/share/texmf/tex/latex/fancyhdr/fancyhdr.sty)
(/usr/share/texmf/tex/latex/graphics/graphicx.sty
(/usr/share/texmf/tex/latex/graphics/graphics.sty
(/usr/share/texmf/tex/latex/graphics/trig.sty)
(/usr/share/texmf/tex/latex/config/graphics.cfg)
(/usr/share/texmf/tex/latex/pdftex-def/pdftex.def)))
(/usr/share/texmf/tex/latex/listings/listings.sty
(/usr/share/texmf/tex/latex/listings/lstpatch.sty)
(/usr/share/texmf/tex/latex/listings/lstmisc.sty)
(/usr/share/texmf/tex/latex/listings/listings.cfg))
(/usr/share/texmf/tex/latex/xcolor/xcolor.sty
(/usr/share/texmf/tex/latex/config/color.cfg)
(/usr/share/texmf/tex/latex/xcolor/x11nam.def))
(/usr/share/texmf/tex/latex/caption/caption.sty
(/usr/share/texmf/tex/latex/caption/caption3.sty))
(/usr/share/texmf/tex/latex/multirow/multirow.sty)
(/usr/share/texmf/tex/latex/float/float.sty) (./lhc2012.aux (./lhc2012_body.aux
)) (/usr/share/texmf/tex/latex/ragged2e/ragged2e.sty
(/usr/share/texmf/tex/latex/everysel/everysel.sty)) (./lhc2012_body.tex
<BlueFinLogo.jpg, id=1, 862.72313pt x 614.295pt> <use BlueFinLogo.jpg> [1{/usr/
share/texmf/fonts/map/pdftex/updmap/pdftex.map} <./BlueFinLogo.jpg>]
<use BlueFinLogo.jpg> [2] <use BlueFinLogo.jpg> [3] <use BlueFinLogo.jpg>
[4] <use BlueFinLogo.jpg> [5] <use BlueFinLogo.jpg> [6] <use BlueFinLogo.jpg>
[7] <use BlueFinLogo.jpg> [8] <use BlueFinLogo.jpg> [9] <use BlueFinLogo.jpg>
[10] <use BlueFinLogo.jpg> [11] <use BlueFinLogo.jpg> [12]
<use BlueFinLogo.jpg> [13] <use BlueFinLogo.jpg> [14] <use BlueFinLogo.jpg>
[15] <use BlueFinLogo.jpg> [16] <use BlueFinLogo.jpg> [17]
<use BlueFinLogo.jpg> [18] <use BlueFinLogo.jpg> [19] <use BlueFinLogo.jpg>
[20] <use BlueFinLogo.jpg> [21] <use BlueFinLogo.jpg> [22]
<use BlueFinLogo.jpg> [23] <use BlueFinLogo.jpg> [24] <use BlueFinLogo.jpg>
[25] <use BlueFinLogo.jpg> [26] <use BlueFinLogo.jpg> [27]
<use BlueFinLogo.jpg> [28] <use BlueFinLogo.jpg> [29] <use BlueFinLogo.jpg>
[30] <use BlueFinLogo.jpg> [31] <use BlueFinLogo.jpg> [32]
<use BlueFinLogo.jpg> [33] <use BlueFinLogo.jpg> [34] <use BlueFinLogo.jpg>
[35] <use BlueFinLogo.jpg> [36] <use BlueFinLogo.jpg> [37]
<use BlueFinLogo.jpg> [38] <use BlueFinLogo.jpg> [39] <use BlueFinLogo.jpg>
[40] <use BlueFinLogo.jpg> [41] <use BlueFinLogo.jpg> [42]
<use BlueFinLogo.jpg> [43] <use BlueFinLogo.jpg> [44] <use BlueFinLogo.jpg>
[45] <use BlueFinLogo.jpg> [46] <use BlueFinLogo.jpg> [47]
<use BlueFinLogo.jpg> [48] <use BlueFinLogo.jpg> [49] <use BlueFinLogo.jpg>
[50] <use BlueFinLogo.jpg> [51] <use BlueFinLogo.jpg> [52]
<use BlueFinLogo.jpg> [53] <use BlueFinLogo.jpg> [54] <use BlueFinLogo.jpg>
[55]) <use BlueFinLogo.jpg> [56] (./lhc2012.bfin <use BlueFinLogo.jpg> [57])
<use BlueFinLogo.jpg> [58] (./lhc2012.aux (./lhc2012_body.aux)) )</usr/share/te
xmf/fonts/type1/bluesky/cm/cmbx12.pfb></usr/share/texmf/fonts/type1/bluesky/cm/
cmcsc10.pfb></usr/share/texmf/fonts/type1/bluesky/cm/cmex10.pfb></usr/share/tex
mf/fonts/type1/bluesky/cm/cmmi10.pfb></usr/share/texmf/fonts/type1/bluesky/cm/c
mmi6.pfb></usr/share/texmf/fonts/type1/bluesky/cm/cmmi7.pfb></usr/share/texmf/f
onts/type1/bluesky/cm/cmmi8.pfb></usr/share/texmf/fonts/type1/bluesky/cm/cmr10.
pfb></usr/share/texmf/fonts/type1/bluesky/cm/cmr5.pfb></usr/share/texmf/fonts/t
ype1/bluesky/cm/cmr6.pfb></usr/share/texmf/fonts/type1/bluesky/cm/cmr7.pfb></us
r/share/texmf/fonts/type1/bluesky/cm/cmr8.pfb></usr/share/texmf/fonts/type1/blu
esky/cm/cmsl10.pfb></usr/share/texmf/fonts/type1/bluesky/cm/cmsy6.pfb></usr/sha
re/texmf/fonts/type1/bluesky/cm/cmsy8.pfb></usr/share/texmf/fonts/type1/bluesky
/cm/cmti10.pfb></usr/share/texmf/fonts/type1/bluesky/cm/cmti8.pfb></usr/share/t
exmf/fonts/type1/bluesky/cm/cmtt10.pfb></usr/share/texmf/fonts/type1/bluesky/cm
/cmtt8.pfb>
Output written on lhc2012.pdf (58 pages, 444129 bytes).
Transcript written on lhc2012.log.
This is pdfTeXk, Version 3.141592-1.40.3 (Web2C 7.5.6)
 %&-line parsing enabled.
entering extended mode
(./lhc2012.tex
LaTeX2e <2005/12/01>
Babel <v3.8h> and hyphenation patterns for english, usenglishmax, dumylang, noh
yphenation, arabic, basque, bulgarian, coptic, welsh, czech, slovak, german, ng
erman, danish, esperanto, spanish, catalan, galician, estonian, farsi, finnish,
 french, greek, monogreek, ancientgreek, croatian, hungarian, interlingua, ibyc
us, indonesian, icelandic, italian, latin, mongolian, dutch, norsk, polish, por
tuguese, pinyin, romanian, russian, slovenian, uppersorbian, serbian, swedish, 
turkish, ukenglish, ukrainian, loaded.
(/usr/share/texmf/tex/latex/base/article.cls
Document Class: article 2005/09/16 v1.4f Standard LaTeX document class
(/usr/share/texmf/tex/latex/base/size11.clo))
(/usr/share/texmf/tex/latex/geometry/geometry.sty
(/usr/share/texmf/tex/latex/graphics/keyval.sty))
(/usr/share/texmf/tex/latex/fancyhdr/fancyhdr.sty)
(/usr/share/texmf/tex/latex/graphics/graphicx.sty
(/usr/share/texmf/tex/latex/graphics/graphics.sty
(/usr/share/texmf/tex/latex/graphics/trig.sty)
(/usr/share/texmf/tex/latex/config/graphics.cfg)
(/usr/share/texmf/tex/latex/pdftex-def/pdftex.def)))
(/usr/share/texmf/tex/latex/listings/listings.sty
(/usr/share/texmf/tex/latex/listings/lstpatch.sty)
(/usr/share/texmf/tex/latex/listings/lstmisc.sty)
(/usr/share/texmf/tex/latex/listings/listings.cfg))
(/usr/share/texmf/tex/latex/xcolor/xcolor.sty
(/usr/share/texmf/tex/latex/config/color.cfg)
(/usr/share/texmf/tex/latex/xcolor/x11nam.def))
(/usr/share/texmf/tex/latex/caption/caption.sty
(/usr/share/texmf/tex/latex/caption/caption3.sty))
(/usr/share/texmf/tex/latex/multirow/multirow.sty)
(/usr/share/texmf/tex/latex/float/float.sty) (./lhc2012.aux (./lhc2012_body.aux
)) (/usr/share/texmf/tex/latex/ragged2e/ragged2e.sty
(/usr/share/texmf/tex/latex/everysel/everysel.sty)) (./lhc2012_body.tex
<BlueFinLogo.jpg, id=1, 862.72313pt x 614.295pt> <use BlueFinLogo.jpg> [1{/usr/
share/texmf/fonts/map/pdftex/updmap/pdftex.map} <./BlueFinLogo.jpg>]
<use BlueFinLogo.jpg> [2] <use BlueFinLogo.jpg> [3] <use BlueFinLogo.jpg>
[4] <use BlueFinLogo.jpg> [5] <use BlueFinLogo.jpg> [6] <use BlueFinLogo.jpg>
[7] <use BlueFinLogo.jpg> [8] <use BlueFinLogo.jpg> [9] <use BlueFinLogo.jpg>
[10] <use BlueFinLogo.jpg> [11] <use BlueFinLogo.jpg> [12]
<use BlueFinLogo.jpg> [13] <use BlueFinLogo.jpg> [14] <use BlueFinLogo.jpg>
[15] <use BlueFinLogo.jpg> [16] <use BlueFinLogo.jpg> [17]
<use BlueFinLogo.jpg> [18] <use BlueFinLogo.jpg> [19] <use BlueFinLogo.jpg>
[20] <use BlueFinLogo.jpg> [21] <use BlueFinLogo.jpg> [22]
<use BlueFinLogo.jpg> [23] <use BlueFinLogo.jpg> [24] <use BlueFinLogo.jpg>
[25] <use BlueFinLogo.jpg> [26] <use BlueFinLogo.jpg> [27]
<use BlueFinLogo.jpg> [28] <use BlueFinLogo.jpg> [29] <use BlueFinLogo.jpg>
[30] <use BlueFinLogo.jpg> [31] <use BlueFinLogo.jpg> [32]
<use BlueFinLogo.jpg> [33] <use BlueFinLogo.jpg> [34] <use BlueFinLogo.jpg>
[35] <use BlueFinLogo.jpg> [36] <use BlueFinLogo.jpg> [37]
<use BlueFinLogo.jpg> [38] <use BlueFinLogo.jpg> [39] <use BlueFinLogo.jpg>
[40] <use BlueFinLogo.jpg> [41] <use BlueFinLogo.jpg> [42]
<use BlueFinLogo.jpg> [43] <use BlueFinLogo.jpg> [44] <use BlueFinLogo.jpg>
[45] <use BlueFinLogo.jpg> [46] <use BlueFinLogo.jpg> [47]
<use BlueFinLogo.jpg> [48] <use BlueFinLogo.jpg> [49] <use BlueFinLogo.jpg>
[50] <use BlueFinLogo.jpg> [51] <use BlueFinLogo.jpg> [52]
<use BlueFinLogo.jpg> [53] <use BlueFinLogo.jpg> [54]) <use BlueFinLogo.jpg>
[55] (./lhc2012.bfin <use BlueFinLogo.jpg> [56]) <use BlueFinLogo.jpg> [57]
(./lhc2012.aux (./lhc2012_body.aux)) )</usr/share/texmf/fonts/type1/bluesky/cm/
cmbx12.pfb></usr/share/texmf/fonts/type1/bluesky/cm/cmcsc10.pfb></usr/share/tex
mf/fonts/type1/bluesky/cm/cmex10.pfb></usr/share/texmf/fonts/type1/bluesky/cm/c
mmi10.pfb></usr/share/texmf/fonts/type1/bluesky/cm/cmmi6.pfb></usr/share/texmf/
fonts/type1/bluesky/cm/cmmi7.pfb></usr/share/texmf/fonts/type1/bluesky/cm/cmmi8
.pfb></usr/share/texmf/fonts/type1/bluesky/cm/cmr10.pfb></usr/share/texmf/fonts
/type1/bluesky/cm/cmr5.pfb></usr/share/texmf/fonts/type1/bluesky/cm/cmr6.pfb></
usr/share/texmf/fonts/type1/bluesky/cm/cmr7.pfb></usr/share/texmf/fonts/type1/b
luesky/cm/cmr8.pfb></usr/share/texmf/fonts/type1/bluesky/cm/cmsl10.pfb></usr/sh
are/texmf/fonts/type1/bluesky/cm/cmsy6.pfb></usr/share/texmf/fonts/type1/bluesk
y/cm/cmsy8.pfb></usr/share/texmf/fonts/type1/bluesky/cm/cmti10.pfb></usr/share/
texmf/fonts/type1/bluesky/cm/cmti8.pfb></usr/share/texmf/fonts/type1/bluesky/cm
/cmtt10.pfb></usr/share/texmf/fonts/type1/bluesky/cm/cmtt8.pfb>
Output written on lhc2012.pdf (57 pages, 443004 bytes).
Transcript written on lhc2012.log.
This is pdfTeXk, Version 3.141592-1.40.3 (Web2C 7.5.6)
 %&-line parsing enabled.
entering extended mode
(./lhc2012.tex
LaTeX2e <2005/12/01>
Babel <v3.8h> and hyphenation patterns for english, usenglishmax, dumylang, noh
yphenation, arabic, basque, bulgarian, coptic, welsh, czech, slovak, german, ng
erman, danish, esperanto, spanish, catalan, galician, estonian, farsi, finnish,
 french, greek, monogreek, ancientgreek, croatian, hungarian, interlingua, ibyc
us, indonesian, icelandic, italian, latin, mongolian, dutch, norsk, polish, por
tuguese, pinyin, romanian, russian, slovenian, uppersorbian, serbian, swedish, 
turkish, ukenglish, ukrainian, loaded.
(/usr/share/texmf/tex/latex/base/article.cls
Document Class: article 2005/09/16 v1.4f Standard LaTeX document class
(/usr/share/texmf/tex/latex/base/size11.clo))
(/usr/share/texmf/tex/latex/geometry/geometry.sty
(/usr/share/texmf/tex/latex/graphics/keyval.sty))
(/usr/share/texmf/tex/latex/fancyhdr/fancyhdr.sty)
(/usr/share/texmf/tex/latex/graphics/graphicx.sty
(/usr/share/texmf/tex/latex/graphics/graphics.sty
(/usr/share/texmf/tex/latex/graphics/trig.sty)
(/usr/share/texmf/tex/latex/config/graphics.cfg)
(/usr/share/texmf/tex/latex/pdftex-def/pdftex.def)))
(/usr/share/texmf/tex/latex/listings/listings.sty
(/usr/share/texmf/tex/latex/listings/lstpatch.sty)
(/usr/share/texmf/tex/latex/listings/lstmisc.sty)
(/usr/share/texmf/tex/latex/listings/listings.cfg))
(/usr/share/texmf/tex/latex/xcolor/xcolor.sty
(/usr/share/texmf/tex/latex/config/color.cfg)
(/usr/share/texmf/tex/latex/xcolor/x11nam.def))
(/usr/share/texmf/tex/latex/caption/caption.sty
(/usr/share/texmf/tex/latex/caption/caption3.sty))
(/usr/share/texmf/tex/latex/multirow/multirow.sty)
(/usr/share/texmf/tex/latex/float/float.sty) (./lhc2012.aux (./lhc2012_body.aux
)) (/usr/share/texmf/tex/latex/ragged2e/ragged2e.sty
(/usr/share/texmf/tex/latex/everysel/everysel.sty)) (./lhc2012_body.tex
<BlueFinLogo.jpg, id=1, 862.72313pt x 614.295pt> <use BlueFinLogo.jpg> [1{/usr/
share/texmf/fonts/map/pdftex/updmap/pdftex.map} <./BlueFinLogo.jpg>]
<use BlueFinLogo.jpg> [2] <use BlueFinLogo.jpg> [3] <use BlueFinLogo.jpg>
[4] <use BlueFinLogo.jpg> [5] <use BlueFinLogo.jpg> [6] <use BlueFinLogo.jpg>
[7] <use BlueFinLogo.jpg> [8] <use BlueFinLogo.jpg> [9] <use BlueFinLogo.jpg>
[10] <use BlueFinLogo.jpg> [11] <use BlueFinLogo.jpg> [12]
<use BlueFinLogo.jpg> [13] <use BlueFinLogo.jpg> [14] <use BlueFinLogo.jpg>
[15] <use BlueFinLogo.jpg> [16] <use BlueFinLogo.jpg> [17]
<use BlueFinLogo.jpg> [18] <use BlueFinLogo.jpg> [19] <use BlueFinLogo.jpg>
[20] <use BlueFinLogo.jpg> [21] <use BlueFinLogo.jpg> [22]
<use BlueFinLogo.jpg> [23] <use BlueFinLogo.jpg> [24] <use BlueFinLogo.jpg>
[25] <use BlueFinLogo.jpg> [26] <use BlueFinLogo.jpg> [27]
<use BlueFinLogo.jpg> [28] <use BlueFinLogo.jpg> [29] <use BlueFinLogo.jpg>
[30] <use BlueFinLogo.jpg> [31] <use BlueFinLogo.jpg> [32]
<use BlueFinLogo.jpg> [33] <use BlueFinLogo.jpg> [34] <use BlueFinLogo.jpg>
[35] <use BlueFinLogo.jpg> [36] <use BlueFinLogo.jpg> [37]
<use BlueFinLogo.jpg> [38] <use BlueFinLogo.jpg> [39] <use BlueFinLogo.jpg>
[40] <use BlueFinLogo.jpg> [41] <use BlueFinLogo.jpg> [42]
<use BlueFinLogo.jpg> [43] <use BlueFinLogo.jpg> [44] <use BlueFinLogo.jpg>
[45] <use BlueFinLogo.jpg> [46] <use BlueFinLogo.jpg> [47]
<use BlueFinLogo.jpg> [48] <use BlueFinLogo.jpg> [49] <use BlueFinLogo.jpg>
[50] <use BlueFinLogo.jpg> [51] <use BlueFinLogo.jpg> [52]
<use BlueFinLogo.jpg> [53] <use BlueFinLogo.jpg> [54]) <use BlueFinLogo.jpg>
[55] (./lhc2012.bfin <use BlueFinLogo.jpg> [56]) <use BlueFinLogo.jpg> [57]
(./lhc2012.aux (./lhc2012_body.aux)) )</usr/share/texmf/fonts/type1/bluesky/cm/
cmbx12.pfb></usr/share/texmf/fonts/type1/bluesky/cm/cmcsc10.pfb></usr/share/tex
mf/fonts/type1/bluesky/cm/cmex10.pfb></usr/share/texmf/fonts/type1/bluesky/cm/c
mmi10.pfb></usr/share/texmf/fonts/type1/bluesky/cm/cmmi6.pfb></usr/share/texmf/
fonts/type1/bluesky/cm/cmmi7.pfb></usr/share/texmf/fonts/type1/bluesky/cm/cmmi8
.pfb></usr/share/texmf/fonts/type1/bluesky/cm/cmr10.pfb></usr/share/texmf/fonts
/type1/bluesky/cm/cmr5.pfb></usr/share/texmf/fonts/type1/bluesky/cm/cmr6.pfb></
usr/share/texmf/fonts/type1/bluesky/cm/cmr7.pfb></usr/share/texmf/fonts/type1/b
luesky/cm/cmr8.pfb></usr/share/texmf/fonts/type1/bluesky/cm/cmsl10.pfb></usr/sh
are/texmf/fonts/type1/bluesky/cm/cmsy6.pfb></usr/share/texmf/fonts/type1/bluesk
y/cm/cmsy8.pfb></usr/share/texmf/fonts/type1/bluesky/cm/cmti10.pfb></usr/share/
texmf/fonts/type1/bluesky/cm/cmti8.pfb></usr/share/texmf/fonts/type1/bluesky/cm
/cmtt10.pfb></usr/share/texmf/fonts/type1/bluesky/cm/cmtt8.pfb>
Output written on lhc2012.pdf (57 pages, 443004 bytes).
Transcript written on lhc2012.log.
